
 Start         Length     Name                   Class
 0001:00000000 0005BB28H .text                   CODE
 0002:00000000 0000125CH .data                   DATA
 0002:0000125C 00000BE9H .bss                    BSS


Detailed map of segments

 0001:00000000 0000500B C=CODE     S=.text    G=(none)   M=System   ACBP=A9
 0001:0000500C 00000140 C=CODE     S=.text    G=(none)   M=SysInit  ACBP=A9
 0001:0000514C 00000078 C=CODE     S=.text    G=(none)   M=Types    ACBP=A9
 0001:000051C4 00000C94 C=CODE     S=.text    G=(none)   M=Windows  ACBP=A9
 0001:00005E58 00000038 C=CODE     S=.text    G=(none)   M=Messages ACBP=A9
 0001:00005E90 00000310 C=CODE     S=.text    G=(none)   M=SysConst ACBP=A9
 0001:000061A0 000066E0 C=CODE     S=.text    G=(none)   M=SysUtils ACBP=A9
 0001:0000C880 000007FB C=CODE     S=.text    G=(none)   M=VarUtils ACBP=A9
 0001:0000D07C 00002A42 C=CODE     S=.text    G=(none)   M=Variants ACBP=A9
 0001:0000FAC0 00000120 C=CODE     S=.text    G=(none)   M=RTLConsts ACBP=A9
 0001:0000FBE0 000007E8 C=CODE     S=.text    G=(none)   M=TypInfo  ACBP=A9
 0001:000103C8 00000038 C=CODE     S=.text    G=(none)   M=ActiveX  ACBP=A9
 0001:00010400 00009902 C=CODE     S=.text    G=(none)   M=Classes  ACBP=A9
 0001:00019D04 000002D8 C=CODE     S=.text    G=(none)   M=Consts   ACBP=A9
 0001:00019FDC 000090AB C=CODE     S=.text    G=(none)   M=Graphics ACBP=A9
 0001:00023088 00000060 C=CODE     S=.text    G=(none)   M=Math     ACBP=A9
 0001:000230E8 000002B8 C=CODE     S=.text    G=(none)   M=Contnrs  ACBP=A9
 0001:000233A0 000000FC C=CODE     S=.text    G=(none)   M=CommCtrl ACBP=A9
 0001:0002349C 00000787 C=CODE     S=.text    G=(none)   M=MultiMon ACBP=A9
 0001:00023C24 00000038 C=CODE     S=.text    G=(none)   M=Imm      ACBP=A9
 0001:00023C5C 00000FF8 C=CODE     S=.text    G=(none)   M=HelpIntfs ACBP=A9
 0001:00024C54 00000038 C=CODE     S=.text    G=(none)   M=WinSpool ACBP=A9
 0001:00024C8C 00000044 C=CODE     S=.text    G=(none)   M=Printers ACBP=A9
 0001:00024CD0 0000031F C=CODE     S=.text    G=(none)   M=FlatSB   ACBP=A9
 0001:00024FF0 000001A4 C=CODE     S=.text    G=(none)   M=SyncObjs ACBP=A9
 0001:00025194 000009BB C=CODE     S=.text    G=(none)   M=UxTheme  ACBP=A9
 0001:00025B50 00000038 C=CODE     S=.text    G=(none)   M=RichEdit ACBP=A9
 0001:00025B88 00000038 C=CODE     S=.text    G=(none)   M=ToolWin  ACBP=A9
 0001:00025BC0 00000038 C=CODE     S=.text    G=(none)   M=ShellAPI ACBP=A9
 0001:00025BF8 00000038 C=CODE     S=.text    G=(none)   M=RegStr   ACBP=A9
 0001:00025C30 00000038 C=CODE     S=.text    G=(none)   M=WinInet  ACBP=A9
 0001:00025C68 00000038 C=CODE     S=.text    G=(none)   M=UrlMon   ACBP=A9
 0001:00025CA0 0000006C C=CODE     S=.text    G=(none)   M=ShlObj   ACBP=A9
 0001:00025D0C 00000050 C=CODE     S=.text    G=(none)   M=CommDlg  ACBP=A9
 0001:00025D5C 00000038 C=CODE     S=.text    G=(none)   M=Dlgs     ACBP=A9
 0001:00025D94 00001C41 C=CODE     S=.text    G=(none)   M=Dialogs  ACBP=A9
 0001:000279D8 00003336 C=CODE     S=.text    G=(none)   M=ExtCtrls ACBP=A9
 0001:0002AD10 00000038 C=CODE     S=.text    G=(none)   M=ComStrs  ACBP=A9
 0001:0002AD48 00000094 C=CODE     S=.text    G=(none)   M=Clipbrd  ACBP=A9
 0001:0002ADDC 00000038 C=CODE     S=.text    G=(none)   M=StrUtils ACBP=A9
 0001:0002AE14 00002731 C=CODE     S=.text    G=(none)   M=Buttons  ACBP=A9
 0001:0002D548 00000038 C=CODE     S=.text    G=(none)   M=ExtDlgs  ACBP=A9
 0001:0002D580 00000068 C=CODE     S=.text    G=(none)   M=IniFiles ACBP=A9
 0001:0002D5E8 00000068 C=CODE     S=.text    G=(none)   M=Registry ACBP=A9
 0001:0002D650 0000006C C=CODE     S=.text    G=(none)   M=Mapi     ACBP=A9
 0001:0002D6BC 00000058 C=CODE     S=.text    G=(none)   M=ExtActns ACBP=A9
 0001:0002D714 00000038 C=CODE     S=.text    G=(none)   M=ListActns ACBP=A9
 0001:0002D74C 00000180 C=CODE     S=.text    G=(none)   M=ComCtrls ACBP=A9
 0001:0002D8CC 00000BC4 C=CODE     S=.text    G=(none)   M=Themes   ACBP=A9
 0001:0002E490 000033E4 C=CODE     S=.text    G=(none)   M=StdCtrls ACBP=A9
 0001:00031874 00000168 C=CODE     S=.text    G=(none)   M=StdActns ACBP=A9
 0001:000319DC 00000D1F C=CODE     S=.text    G=(none)   M=WinHelpViewer ACBP=A9
 0001:000326FC 00010D9F C=CODE     S=.text    G=(none)   M=Controls ACBP=A9
 0001:0004349C 00001292 C=CODE     S=.text    G=(none)   M=ActnList ACBP=A9
 0001:00044730 00001CA4 C=CODE     S=.text    G=(none)   M=ImgList  ACBP=A9
 0001:000463D4 000066AD C=CODE     S=.text    G=(none)   M=Menus    ACBP=A9
 0001:0004CA84 0000C568 C=CODE     S=.text    G=(none)   M=Forms    ACBP=A9
 0001:00058FEC 00000038 C=CODE     S=.text    G=(none)   M=XPMan    ACBP=A9
 0001:00059024 00001A3C C=CODE     S=.text    G=(none)   M=Spin     ACBP=A9
 0001:0005AA60 00000E68 C=CODE     S=.text    G=(none)   M=Unit1    ACBP=A9
 0001:0005B8C8 0000025D C=CODE     S=.text    G=(none)   M=Project1 ACBP=A9
 0002:00000000 0000009C C=DATA     S=.data    G=DGROUP   M=System   ACBP=A9
 0002:0000009C 00000020 C=DATA     S=.data    G=DGROUP   M=SysInit  ACBP=A9
 0002:000000BC 00000254 C=DATA     S=.data    G=DGROUP   M=SysUtils ACBP=A9
 0002:00000310 00000008 C=DATA     S=.data    G=DGROUP   M=VarUtils ACBP=A9
 0002:00000318 0000008E C=DATA     S=.data    G=DGROUP   M=Variants ACBP=A9
 0002:000003A8 0000000C C=DATA     S=.data    G=DGROUP   M=TypInfo  ACBP=A9
 0002:000003B4 00000064 C=DATA     S=.data    G=DGROUP   M=Classes  ACBP=A9
 0002:00000418 0000030C C=DATA     S=.data    G=DGROUP   M=Graphics ACBP=A9
 0002:00000724 00000004 C=DATA     S=.data    G=DGROUP   M=Printers ACBP=A9
 0002:00000728 000000E8 C=DATA     S=.data    G=DGROUP   M=Dialogs  ACBP=A9
 0002:00000810 0000018C C=DATA     S=.data    G=DGROUP   M=ExtCtrls ACBP=A9
 0002:0000099C 00000046 C=DATA     S=.data    G=DGROUP   M=Buttons  ACBP=A9
 0002:000009E4 00000008 C=DATA     S=.data    G=DGROUP   M=IniFiles ACBP=A9
 0002:000009EC 00000008 C=DATA     S=.data    G=DGROUP   M=Registry ACBP=A9
 0002:000009F4 00000008 C=DATA     S=.data    G=DGROUP   M=Mapi     ACBP=A9
 0002:000009FC 00000018 C=DATA     S=.data    G=DGROUP   M=ComCtrls ACBP=A9
 0002:00000A14 00000068 C=DATA     S=.data    G=DGROUP   M=Themes   ACBP=A9
 0002:00000A7C 0000005C C=DATA     S=.data    G=DGROUP   M=StdCtrls ACBP=A9
 0002:00000AD8 0000013C C=DATA     S=.data    G=DGROUP   M=Controls ACBP=A9
 0002:00000C14 00000020 C=DATA     S=.data    G=DGROUP   M=ImgList  ACBP=A9
 0002:00000C34 000000EC C=DATA     S=.data    G=DGROUP   M=Menus    ACBP=A9
 0002:00000D20 0000011C C=DATA     S=.data    G=DGROUP   M=Forms    ACBP=A9
 0002:00002000 00000660 C=BSS      S=.bss     G=DGROUP   M=System   ACBP=A9
 0002:00002660 00000010 C=BSS      S=.bss     G=DGROUP   M=SysInit  ACBP=A9
 0002:00002670 00000004 C=BSS      S=.bss     G=DGROUP   M=Types    ACBP=A9
 0002:00002674 00000004 C=BSS      S=.bss     G=DGROUP   M=Windows  ACBP=A9
 0002:00002678 00000004 C=BSS      S=.bss     G=DGROUP   M=Messages ACBP=A9
 0002:0000267C 00000004 C=BSS      S=.bss     G=DGROUP   M=SysConst ACBP=A9
 0002:00002680 00000120 C=BSS      S=.bss     G=DGROUP   M=SysUtils ACBP=A9
 0002:000027A0 0000005C C=BSS      S=.bss     G=DGROUP   M=VarUtils ACBP=A9
 0002:000027FC 00000040 C=BSS      S=.bss     G=DGROUP   M=Variants ACBP=A9
 0002:0000283C 00000004 C=BSS      S=.bss     G=DGROUP   M=RTLConsts ACBP=A9
 0002:00002840 00000004 C=BSS      S=.bss     G=DGROUP   M=TypInfo  ACBP=A9
 0002:00002844 00000004 C=BSS      S=.bss     G=DGROUP   M=ActiveX  ACBP=A9
 0002:00002848 00000040 C=BSS      S=.bss     G=DGROUP   M=Classes  ACBP=A9
 0002:00002888 00000004 C=BSS      S=.bss     G=DGROUP   M=Consts   ACBP=A9
 0002:0000288C 00000060 C=BSS      S=.bss     G=DGROUP   M=Graphics ACBP=A9
 0002:000028EC 00000004 C=BSS      S=.bss     G=DGROUP   M=Math     ACBP=A9
 0002:000028F0 00000004 C=BSS      S=.bss     G=DGROUP   M=Contnrs  ACBP=A9
 0002:000028F4 00000004 C=BSS      S=.bss     G=DGROUP   M=CommCtrl ACBP=A9
 0002:000028F8 00000031 C=BSS      S=.bss     G=DGROUP   M=MultiMon ACBP=A9
 0002:0000292C 00000004 C=BSS      S=.bss     G=DGROUP   M=Imm      ACBP=A9
 0002:00002930 00000008 C=BSS      S=.bss     G=DGROUP   M=HelpIntfs ACBP=A9
 0002:00002938 00000004 C=BSS      S=.bss     G=DGROUP   M=WinSpool ACBP=A9
 0002:0000293C 00000004 C=BSS      S=.bss     G=DGROUP   M=Printers ACBP=A9
 0002:00002940 00000034 C=BSS      S=.bss     G=DGROUP   M=FlatSB   ACBP=A9
 0002:00002974 00000004 C=BSS      S=.bss     G=DGROUP   M=SyncObjs ACBP=A9
 0002:00002978 000000CC C=BSS      S=.bss     G=DGROUP   M=UxTheme  ACBP=A9
 0002:00002A44 00000004 C=BSS      S=.bss     G=DGROUP   M=RichEdit ACBP=A9
 0002:00002A48 00000004 C=BSS      S=.bss     G=DGROUP   M=ToolWin  ACBP=A9
 0002:00002A4C 00000004 C=BSS      S=.bss     G=DGROUP   M=ShellAPI ACBP=A9
 0002:00002A50 00000004 C=BSS      S=.bss     G=DGROUP   M=RegStr   ACBP=A9
 0002:00002A54 00000004 C=BSS      S=.bss     G=DGROUP   M=WinInet  ACBP=A9
 0002:00002A58 00000004 C=BSS      S=.bss     G=DGROUP   M=UrlMon   ACBP=A9
 0002:00002A5C 00000004 C=BSS      S=.bss     G=DGROUP   M=ShlObj   ACBP=A9
 0002:00002A60 00000004 C=BSS      S=.bss     G=DGROUP   M=CommDlg  ACBP=A9
 0002:00002A64 00000004 C=BSS      S=.bss     G=DGROUP   M=Dlgs     ACBP=A9
 0002:00002A68 0000000C C=BSS      S=.bss     G=DGROUP   M=Dialogs  ACBP=A9
 0002:00002A74 00000004 C=BSS      S=.bss     G=DGROUP   M=ExtCtrls ACBP=A9
 0002:00002A78 00000004 C=BSS      S=.bss     G=DGROUP   M=ComStrs  ACBP=A9
 0002:00002A7C 0000000C C=BSS      S=.bss     G=DGROUP   M=Clipbrd  ACBP=A9
 0002:00002A88 00000004 C=BSS      S=.bss     G=DGROUP   M=StrUtils ACBP=A9
 0002:00002A8C 00000030 C=BSS      S=.bss     G=DGROUP   M=Buttons  ACBP=A9
 0002:00002ABC 00000004 C=BSS      S=.bss     G=DGROUP   M=ExtDlgs  ACBP=A9
 0002:00002AC0 00000004 C=BSS      S=.bss     G=DGROUP   M=IniFiles ACBP=A9
 0002:00002AC4 00000004 C=BSS      S=.bss     G=DGROUP   M=Registry ACBP=A9
 0002:00002AC8 00000004 C=BSS      S=.bss     G=DGROUP   M=Mapi     ACBP=A9
 0002:00002ACC 00000009 C=BSS      S=.bss     G=DGROUP   M=ExtActns ACBP=A9
 0002:00002AD8 00000004 C=BSS      S=.bss     G=DGROUP   M=ListActns ACBP=A9
 0002:00002ADC 00000010 C=BSS      S=.bss     G=DGROUP   M=ComCtrls ACBP=A9
 0002:00002AEC 00000008 C=BSS      S=.bss     G=DGROUP   M=Themes   ACBP=A9
 0002:00002AF4 00000004 C=BSS      S=.bss     G=DGROUP   M=StdCtrls ACBP=A9
 0002:00002AF8 00000004 C=BSS      S=.bss     G=DGROUP   M=StdActns ACBP=A9
 0002:00002AFC 00000014 C=BSS      S=.bss     G=DGROUP   M=WinHelpViewer ACBP=A9
 0002:00002B10 00000080 C=BSS      S=.bss     G=DGROUP   M=Controls ACBP=A9
 0002:00002B90 00000004 C=BSS      S=.bss     G=DGROUP   M=ActnList ACBP=A9
 0002:00002B94 0000000C C=BSS      S=.bss     G=DGROUP   M=ImgList  ACBP=A9
 0002:00002BA0 00000010 C=BSS      S=.bss     G=DGROUP   M=Menus    ACBP=A9
 0002:00002BB0 00000020 C=BSS      S=.bss     G=DGROUP   M=Forms    ACBP=A9
 0002:00002BD0 00000004 C=BSS      S=.bss     G=DGROUP   M=XPMan    ACBP=A9
 0002:00002BD4 00000004 C=BSS      S=.bss     G=DGROUP   M=Spin     ACBP=A9
 0002:00002BD8 00000010 C=BSS      S=.bss     G=DGROUP   M=Unit1    ACBP=A9


  Address         Publics by Name

 0002:0000292C       .1
 0002:00002A4C       .1
 0002:00002960       .1
 0002:00002B04       .1
 0002:00002668       .1
 0002:00002918       .1
 0002:00002A50       .1
 0002:00002A64       .1
 0002:000028F4       .1
 0002:00002A60       .1
 0002:00002888       .1
 0002:00002670       .1
 0002:0000283C       .1
 0002:00002A5C       .1
 0002:00002A54       .1
 0002:00002A44       .1
 0002:00002678       .1
 0002:00002A58       .1
 0002:0000267C       .1
 0002:00002A34       .1
 0002:00002A78       .1
 0002:00002AC8       .1
 0002:00002A88       .1
 0002:00002A68       .11
 0002:00002A74       .12
 0002:00002890       .12
 0002:00002AEC       .2
 0002:00002A80       .2
 0002:00002BD0       .2
 0002:000028EC       .2
 0002:00002930       .2
 0002:000028F0       .21
 0002:00002ABC       .3
 0002:00002844       .3
 0002:00002938       .3
 0002:00002674       .3
 0002:00002B94       .3
 0002:0000293C       .3
 0002:00002790       .35
 0002:00002ADC       .36
 0002:00002A8C       .4
 0002:00002A48       .4
 0002:00002BE4       .4
 0002:00002BB8       .41
 0002:00002AF4       .42
 0002:00002854       .45
 0002:00002BD4       .5
 0002:00002AC4       .5
 0002:000027F8       .5
 0002:000025B8       .5
 0002:00002840       .6
 0002:00002974       .6
 0002:00002ACC       .72
 0002:00002B18       .72
 0002:00002AF8       .73
 0002:00002B90       .8
 0002:00002AC0       .8
 0002:00002AD8       .8
 0002:0000281C       .81
 0002:00002BA8       .9
 0001:00001CD0       @AbstractError
 0001:00002820       @AfterConstruction
 0001:0000264C       @AsClass
 0001:00001E38       @AStrCmp
 0001:00002830       @BeforeDestruction
 0001:00002698       @CallDynaInst
 0001:000027C8       @ClassCreate
 0001:00002818       @ClassDestroy
 0001:00001D40       @Close
 0001:00001BE4       @Copy
 0001:00003ED4       @CopyArray
 0001:00003DB8       @CopyRecord
 0001:00003FEC       @DispCallByIDError
 0001:0000DB1C       @DispInvokeError
 0001:00003FDC       @Dispose
 0001:00002CAC       @DoneExcept
 0001:0000423C       @DynArrayAsg
 0001:00004200       @DynArrayClear
 0001:00004020       @DynArrayHigh
 0001:00004018       @DynArrayLength
 0001:000041F4       @DynArraySetLength
 0001:00002D94       @ExceptionHandler
 0001:00001EA8       @FillChar
 0001:00003D94       @Finalize
 0001:00003CA8       @FinalizeArray
 0001:00003C5C       @FinalizeRecord
 0001:000026B0       @FindDynaInst
 0001:000023C8       @FpuInit
 0001:00002304       @FpuMaskInit
 0001:00001A58       @FreeMem
 0001:00001A28       @GetMem
 0001:00005084       @GetTls
 0001:00003204       @Halt
 0001:00003124       @Halt0
 0001:00002944       @HandleAnyException
 0001:00002BF8       @HandleFinally
 0001:00002A70       @HandleOnException
 0001:000050D0       @InitExe
 0001:00003C50       @Initialize
 0001:00003BBC       @InitializeArray
 0001:00003B8C       @InitializeRecord
 0001:00002FE8       @InitImports
 0001:00002FC0       @InitResStringImports
 0001:00002F9C       @InitResStrings
 0001:000049C8       @IntfAddRef
 0001:00004998       @IntfCast
 0001:00004954       @IntfClear
 0001:0000496C       @IntfCopy
 0001:00002628       @IsClass
 0001:000022D4       @isNECWindows
 0001:000036CC       @LStrAddRef
 0001:00003240       @LStrArrayClr
 0001:00003270       @LStrAsg
 0001:000034E4       @LStrCat
 0001:00003528       @LStrCat3
 0001:0000359C       @LStrCatN
 0001:0000321C       @LStrClr
 0001:00003628       @LStrCmp
 0001:0000373C       @LStrCopy
 0001:0000377C       @LStrDelete
 0001:0000348C       @LStrFromArray
 0001:00003404       @LStrFromChar
 0001:00003414       @LStrFromPChar
 0001:0000330C       @LStrFromPCharLen
 0001:00003444       @LStrFromPWChar
 0001:00003378       @LStrFromPWCharLen
 0001:00003480       @LStrFromString
 0001:000034A4       @LStrFromWStr
 0001:000037C4       @LStrInsert
 0001:000032B4       @LStrLAsg
 0001:000034DC       @LStrLen
 0001:00003820       @LStrPos
 0001:00003868       @LStrSetLength
 0001:000036DC       @LStrToPChar
 0001:000034B8       @LStrToString
 0001:00003FC8       @New
 0001:000032E0       @NewAnsiString
 0001:000038D4       @NewWideString
 0001:00001FE8       @Pow10
 0001:00001DB4       @PStrCmp
 0001:00001D98       @PStrNCpy
 0001:00002C58       @RaiseAgain
 0001:00002C30       @RaiseExcept
 0001:00001A78       @ReallocMem
 0001:00001CA0       @ROUND
 0001:00003210       @RunError
 0001:00001FCC       @SetEq
 0001:00002F5C       @StartExe
 0001:0000029C       @strlen
 0001:00001CAC       @TRUNC
 0001:00002CDC       @TryFinallyExit
 0001:00003734       @UniqueStringA
 0001:00001EC8       @ValLong
 0001:0000F214       @VarAddRef
 0001:0000DE08       @VarClear
 0001:0000DE1C       @VarClr
 0001:00003C90       @VarClr
 0001:0000E144       @VarCopy
 0001:00003DA0       @VarCopy
 0001:0000F14C       @VarFromBool
 0001:0000F19C       @VarFromCurr
 0001:0000F0E4       @VarFromInt
 0001:0000F120       @VarFromInt64
 0001:0000F1B0       @VarFromLStr
 0001:0000F174       @VarFromReal
 0001:0000F188       @VarFromTDateTime
 0001:0000F1DC       @VarFromWStr
 0001:0000DB70       @VarNull
 0001:0000E470       @VarToLStr
 0001:0000EB90       @VarToWStr
 0001:00003914       @WStrArrayClr
 0001:00003938       @WStrAsg
 0001:000038FC       @WStrClr
 0001:00003A74       @WStrCmp
 0001:00003AF8       @WStrCopy
 0001:00003A48       @WStrFromLStr
 0001:0000395C       @WStrFromPCharLen
 0001:00003A0C       @WStrFromPWChar
 0001:000039E8       @WStrFromPWCharLen
 0001:00003A68       @WStrLen
 0001:00003B44       @WStrSetLength
 0001:00003A58       @WStrToPWChar
 0001:00001FA8       @_CLenToPasStr
 0001:00001F9C       @_CToPasStr
 0001:00001BB4       @_IOTest
 0001:00003FF4       @_llmul
 0001:0003547C       AbsMin
 0001:0000AAFC       AbstractErrorHandler
 0002:00002028       AbstractErrorProc
 0002:00000140       AccessMode
 0001:00001B14       AcquireExceptionObject
 0001:00012784       ActivateClassGroup
 0001:000056D0       ActivateKeyboardLayout
 0002:00002B4C       ActiveDrag
 0001:000103F8       ActiveX
 0001:00044704       ActnList
 0001:000003FC       AddBlockAfter
 0002:000003B4       AddDataModule
 0001:00006DE8       AddExitProc
 0001:00015994       AddFinished
 0001:00048008       AddIn
 0001:000047BC       AddModuleUnloadProc
 0001:000047AC       AddModuleUnloadProc
 0001:000159CC       AddNotFinished
 0001:000163F0       AddSubComponentsToLoaded
 0001:0001DA90       AdjustColor
 0001:0002A55C       AdjustColors
 0001:0004F0AC       Adjustment
 0001:000056D8       AdjustWindowRectEx
 0002:00000CF8       Alignments
 0002:00000D08       Alignments
 0002:00000818       Alignments
 0002:00000A84       Alignments
 0002:00000AC8       Alignments
 0001:00055FF0       AlignWork
 0001:0003AB08       AlignWork
 0001:00019AE4       AllocateHWnd
 0001:00026E00       AllocFilterStr
 0001:00006D8C       AllocMem
 0002:000025B0       AllocMemCount
 0002:000025B4       AllocMemSize
 0001:00022E80       AllocPatternBitmap
 0001:0000502C       AllocTlsBuffer
 0002:00000AE4       AnchorAlign
 0002:00000AD8       AnimateWindowProc
 0002:00000BE0       AnimationStyle
 0001:00006FBC       AnsiCompareStr
 0001:00006FF4       AnsiCompareText
 0001:000075E4       AnsiLastChar
 0001:000056E0       AnsiLower
 0001:00006F88       AnsiLowerCase
 0001:0000B4C8       AnsiLowerCaseFileName
 0001:0000B48C       AnsiPos
 0001:0004C890       AnsiSameCaption
 0001:0000702C       AnsiSameText
 0001:00007044       AnsiStrLIComp
 0001:0000B554       AnsiStrPos
 0001:0000B614       AnsiStrRScan
 0001:0000B65C       AnsiStrScan
 0001:00004DC8       AnsiToUtf8
 0001:00008AB4       AppendChars
 0001:00008E80       AppendFormat
 0001:00008B18       AppendNumber
 0001:00008AF8       AppendString
 0002:00002BB0       Application
 0002:000003C4       ApplicationHandleException
 0002:000003CC       ApplicationShowException
 0002:00000E34       AppVisible
 0001:0000AAE0       AssertErrorHandler
 0002:00002020       AssertErrorProc
 0001:0000FE90       AssignLongStr
 0001:00010234       AssignVariant
 0002:00002608       avail
 0001:00007728       BackfillGetDiskFreeSpaceEx
 0001:00038024       BackgroundClipped
 0001:0000CB10       BackupVarBoolFromStr
 0001:0000CC70       BackupVarBStrFromBool
 0001:0000CB90       BackupVarBStrFromCy
 0001:0000CC00       BackupVarBStrFromDate
 0001:0000CAA4       BackupVarCyFromStr
 0001:0000CA38       BackupVarDateFromStr
 0001:0000C8F4       BackupVarI4FromStr
 0001:0000C8A0       BackupVariantChangeTypeEx
 0001:0000C960       BackupVarR4FromStr
 0001:0000C9CC       BackupVarR8FromStr
 0001:00012ADC       BeginGlobalLoading
 0001:000056E8       BeginPaint
 0001:0001DA9C       BetterSize
 0001:00029E4C       BevelLine
 0001:00029D5C       BevelRect
 0001:00048E9C       BiDiDraw
 0001:000054B0       BitBlt
 0002:0000099C       BitBtnCaptions
 0002:00002A90       BitBtnGlyphs
 0002:000006D8       BitCounts
 0002:000006D0       BitmapCanvasList
 0002:000028A8       BitmapImageLock
 0001:0000C8DC       BiUnimplemented
 0002:000003EC       BlockCode
 0002:000025E0       blockDescBlockList
 0002:000025E4       blockDescFreeList
 0002:000003A8       BooleanIdents
 0002:00000324       BooleanToStringRule
 0001:0000747C       BoolToStr
 0001:0000E1F8       BoolToWStrViaOS
 0002:00000A7C       BorderStyles
 0002:00000810       BorderStyles
 0001:00005170       Bounds
 0001:00011A9C       Bounds
 0002:00000CA0       Breaks
 0002:000028E0       BrushManager
 0001:0004B670       BuildImage
 0002:000007E4       ButtonCaptions
 0002:000009CC       ButtonCount
 0002:000007B8       ButtonNames
 0002:00000D1C       Buttons
 0001:0002D520       Buttons
 0002:00000AC0       ButtonStyles
 0001:0001D268       BytesPerScanline
 0001:0001D5CC       ByteSwapColors
 0001:0000B1B8       ByteToCharIndex
 0001:0000B190       ByteToCharLen
 0001:0000B154       ByteType
 0001:0000B0DC       ByteTypeTest
 0002:00002B98       CachedComCtrlVer
 0001:00019A20       CalcJmpOffset
 0001:0004278C       CalcSplitterPos
 0001:000056F0       CallNextHookEx
 0001:0000BD34       CallTerminateProcs
 0001:000056F8       CallWindowProc
 0001:000364C8       CancelDrag
 0002:000028E4       CanvasList
 0002:00002B60       CanvasList
 0002:000007A4       Captions
 0002:00000B9C       CaptureControl
 0002:00000C40       cBooleanToItemAutoFlag
 0001:00026710       CenterWindow
 0002:00002A7E       CF_COMPONENT
 0002:00002A7C       CF_PICTURE
 0002:00002814       ChangeAnyProc
 0001:000349D8       ChangeBiDiModeAlignment
 0002:00000AA4       CharCases
 0001:0000333C       CharFromWChar
 0001:0000B39C       CharLength
 0001:00005700       CharLowerBuff
 0001:0000021C       CharNext
 0001:00005708       CharNext
 0001:0001BAC8       CharsetToIdent
 0001:0000B2A4       CharToByteIndex
 0001:0000B308       CharToByteLen
 0001:00005710       CharToOemA
 0001:0001E080       CheckBool
 0001:000028C0       CheckJmp
 0001:00005718       CheckMenuItem
 0002:00000C90       Checks
 0001:0001642C       CheckSubComponents
 0001:000187F8       CheckSynchronize
 0001:0004EAE8       CheckTaskWindow
 0001:0003617C       CheckUndock
 0001:0000AFD0       CheckWin32Version
 0001:00025D1C       ChooseColor
 0002:00000328       CInvalidCustomVariantType
 0002:00000C44       cItemAutoFlagToBoolean
 0002:00000C3C       cItemAutoFlagToMenu
 0001:00019C70       Classes
 0001:00012548       ClassNotFound
 0002:00002810       ClearAnyProc
 0001:0001B348       ClearColor
 0001:0000F550       ClearVariantTypeList
 0001:00005720       ClientToScreen
 0001:0003FCE0       ClientToWindow
 0002:000006C8       ClipboardFormats
 0001:0002AD84       Clipbrd
 0001:000052A8       CloseHandle
 0002:0000297C       CloseThemeData
 0002:0000203C       CmdLine
 0002:00002038       CmdShow
 0002:00000C38       cMenuAutoFlagToItem
 0001:0000C8E8       CmpUnimplemented
 0002:00000448       Colors
 0001:0001B8C0       ColorToIdent
 0002:00000824       ColorToPretyName
 0001:0001B8B0       ColorToRGB
 0002:00002AE8       ComCtlVersion
 0001:0002D8C4       ComCtrls
 0002:00002BAC       CommandPool
 0001:00023494       CommCtrl
 0001:00025D54       CommDlg
 0001:0000077C       Commit
 0002:00002624       committedRoot
 0001:000475EC       CompareFront
 0001:00006EF0       CompareMem
 0001:00006EC0       CompareStr
 0001:000052B0       CompareString
 0001:00006F10       CompareText
 0001:000073A4       CompareWith
 0001:0001650C       ComponentCreated
 0001:0001DE40       ComputeAldusChecksum
 0001:0002AD40       ComStrs
 0001:00019FD4       Consts
 0001:00023398       Contnrs
 0002:00002B1E       ControlAtom
 0002:00002B24       ControlAtomString
 0001:00053894       ControlHasHelp
 0001:0004340C       Controls
 0001:0000A52C       ConvertAddr
 0001:00008C0C       ConvertEraString
 0001:00006D68       ConvertErrorFmt
 0001:00008D78       ConvertYearString
 0001:00004028       CopyArray
 0001:0002020C       CopyBitmap
 0001:000208D4       CopyBitmapAsMask
 0001:000054B8       CopyEnhMetaFile
 0001:0002D320       CopyImage
 0001:00020870       CopyPalette
 0002:00000A18       Copyright
 0001:0004A71C       CopyToBest
 0001:0000B214       CountChars
 0002:000028C0       CounterLock
 0002:0000032C       CRangeToType
 0001:0000AA24       CreateAssertException
 0001:0000ABAC       CreateAVObject
 0001:000054C0       CreateBitmap
 0001:000054C8       CreateBrushIndirect
 0001:000054D0       CreateCompatibleBitmap
 0001:000054D8       CreateCompatibleDC
 0001:0001658C       CreateComponent
 0001:000054E8       CreateDIBitmap
 0001:000054E0       CreateDIBSection
 0001:000052B8       CreateEvent
 0001:000052C0       CreateFile
 0001:000054F0       CreateFontIndirect
 0001:000054F8       CreateHalftonePalette
 0001:00005728       CreateIcon
 0001:0000A950       CreateInOutError
 0001:00005730       CreateMenu
 0001:00005500       CreatePalette
 0001:00005508       CreatePenIndirect
 0001:00005738       CreatePopupMenu
 0001:00005510       CreateSolidBrush
 0001:0001D624       CreateSystemPalette
 0001:000052C8       CreateThread
 0001:00005CD0       CreateWindow
 0001:00005C78       CreateWindowEx
 0002:0000072C       CreationControl
 0002:00000ADC       CreationControl
 0002:00000394       CRelationshipToBoolean
 0002:00000310       CResult
 0002:00000138       cSimpleBoolStrs
 0002:00000340       CText
 0002:00000BD8       Ctl3DStyles
 0002:0000261C       curAlloc
 0002:00002688       CurrencyDecimals
 0002:00002684       CurrencyFormat
 0002:00002680       CurrencyString
 0001:00008AA0       CurrentYear
 0001:0000862C       CurrToStr
 0001:0000E188       CurrToWStrViaOS
 0002:00000DB8       CursorMap
 0002:00000AEC       Cursors
 0001:00034CF8       CursorToIdent
 0002:00000DA8       cUseAlpha
 0002:00000DB0       cUseColorKey
 0001:00007118       CvtInt
 0001:00007184       CvtInt64
 0002:00000178       CWNear
 0002:00002689       DateSeparator
 0001:000096B4       DateTimeToStr
 0001:00009658       DateTimeToString
 0001:000086EC       DateTimeToTimeStamp
 0001:0000E1C0       DateToWStrViaOS
 0001:00008A78       DayOfWeek
 0002:00000174       DCon10
 0002:00000444       DDBsOnly
 0001:00019B98       DeallocateHWnd
 0002:00000028       DebugHook
 0002:00002687       DecimalSeparator
 0001:00008A58       DecodeDate
 0001:00008908       DecodeDateFully
 0001:000087A0       DecodeTime
 0001:0000083C       Decommit
 0001:00000F68       DecommitFree
 0002:000025F8       decommittedRoot
 0001:00056C2C       Default
 0001:00051514       Default
 0002:00000020       Default8087CW
 0002:00000AE0       DefaultDockTreeClass
 0002:000025BC       DefaultUserCodePage
 0002:00000698       DefBrushData
 0002:00000418       DefFontData
 0001:00005740       DefFrameProc
 0002:00000204       DefLongDayNames
 0002:000001B8       DefLongMonthNames
 0001:00005748       DefMDIChildProc
 0002:00000678       DefPenData
 0002:000001E8       DefShortDayNames
 0002:00000188       DefShortMonthNames
 0001:00005750       DefWindowProc
 0001:00004294       DelayLoadResourceModule
 0001:00000458       DeleteBlock
 0001:00000368       DeleteCriticalSection
 0001:000052D0       DeleteCriticalSection
 0001:00005518       DeleteDC
 0001:00005520       DeleteEnhMetaFile
 0001:00000D50       DeleteFree
 0001:00005758       DeleteMenu
 0001:00005528       DeleteObject
 0001:0001FDC8       DeselectBitmap
 0001:00005760       DestroyCursor
 0001:00005768       DestroyIcon
 0001:0002D450       DestroyLocals
 0001:00005770       DestroyMenu
 0001:00005778       DestroyWindow
 0001:000323B0       DialogEnumerationTester
 0001:000267C4       DialogHook
 0002:00000790       DialogOptions
 0001:00027998       Dialogs
 0002:000006D4       DIBPalSizes
 0002:0000008C       dig
 0001:0004E924       DisableTaskWindows
 0001:00005780       DispatchMessage
 0001:00054B74       DispatchShortCut
 0002:00002000       DispCallByIDProc
 0001:00006D4C       DivMod
 0001:00025D8C       Dlgs
 0001:00055EA4       DoAlign
 0001:0003A998       DoAlign
 0001:0003EA54       DoCalcConstraints
 0002:00002B54       DockSiteList
 0001:0004B33C       DoClick
 0001:0003C0E4       DoControlMsg
 0001:0004E8D4       DoDisableWindow
 0001:00035A9C       DoDragOver
 0001:00006DAC       DoExitProc
 0001:00040A3C       DoFindControlZone
 0001:0004EA28       DoFindWindow
 0001:00040FC8       DoFindZone
 0001:00040AC0       DoForEach
 0001:000423F0       DoGetNextLimit
 0001:0004E89C       DoneApplication
 0001:00043150       DoneControls
 0001:0000AEE0       DoneExceptions
 0001:00052EF0       DoNestedActivation
 0001:000187B8       DoneThreadSynchronization
 0001:00057F48       DoOnHelp
 0001:0003A558       DoPosition
 0001:00055CF4       DoPosition
 0001:00041A18       DoPrune
 0001:00029284       DoRect
 0001:00041EF0       DoSaveZone
 0001:000420F4       DoSetNewBounds
 0002:000003B0       DotSep
 0002:000009D0       DownStyles
 0001:0001EEE4       DoWrite
 0001:00045C4C       DoWrite
 0001:0001E2D8       DoWrite
 0001:00013928       DoWrite
 0001:0003B6CC       DoWriteDesignSize
 0001:0003912C       DoWriteIsControl
 0002:00002B38       DragCapture
 0002:00002B2C       DragControl
 0001:000361F0       DragDone
 0001:00035A44       DragFindTarget
 0001:00035A18       DragFindWindow
 0002:00002B50       DragImageList
 0001:00035E48       DragInit
 0001:00035FB8       DragInitControl
 0002:00002B34       DragInternalObject
 0001:00035960       DragMessage
 0002:00002B30       DragObject
 0002:00002B5C       DragSave
 0002:00002B44       DragSaveCursor
 0002:00002B3C       DragStartPos
 0002:00002B48       DragThreshold
 0001:00035B78       DragTo
 0001:00056C68       DrawAppIcon
 0001:00041584       DrawCloseButton
 0001:00005788       DrawEdge
 0001:00005790       DrawFocusRect
 0001:00005798       DrawFrameControl
 0001:000415DC       DrawGrabberLine
 0001:000057A0       DrawIcon
 0001:000057A8       DrawIconEx
 0002:00000C14       DrawingStyles
 0001:000057B0       DrawMenuBar
 0001:0004C6AC       DrawMenuItem
 0001:000057B8       DrawText
 0002:00002980       DrawThemeBackground
 0002:000029A4       DrawThemeEdge
 0002:000029A8       DrawThemeIcon
 0002:00002A2C       DrawThemeParentBackground
 0002:00002984       DrawThemeText
 0001:0001D0E8       DupBits
 0001:00004040       DynArrayClear
 0001:00004048       DynArraySetLength
 0002:00000D00       EdgeStyle
 0002:00000BC8       EdgeStyles
 0001:0000A924       EHeapException.FreeInstance
 0001:00005530       Ellipse
 0002:000027FC       EmptyParam
 0002:000000BC       EmptyStr
 0002:000000C0       EmptyWideStr
 0001:000057C0       EnableMenuItem
 0002:00000C98       Enables
 0001:000057C8       EnableScrollBar
 0001:0004E9D8       EnableTaskWindows
 0002:00002A14       EnableThemeDialogTexture
 0002:00002A30       EnableTheming
 0001:000057D0       EnableWindow
 0001:00012B64       EndGlobalLoading
 0001:000057D8       EndPaint
 0001:000052D8       EnterCriticalSection
 0001:00000358       EnterCriticalSection
 0001:000052E0       EnumCalendarInfoA
 0002:00002914       EnumDisplayMonitors
 0001:0000A1A0       EnumEraNames
 0001:0000A1DC       EnumEraYearOffsets
 0001:00051AD8       EnumMonitorsProc
 0001:000057E0       EnumThreadWindows
 0001:00015D3C       EnumValue
 0001:000057E8       EnumWindows
 0001:000057F0       EqualRect
 0002:00002750       EraNames
 0001:0000992C       EraToYear
 0002:0000276C       EraYearOffsets
 0002:00000064       errCaption
 0001:00001BA8       Error
 0001:000120EC       Error
 0001:0004733C       Error
 0001:00015520       Error
 0002:00000004       ErrorAddr
 0001:00001B5C       ErrorAt
 0001:0000A9D0       ErrorHandler
 0002:00000220       ErrorMap
 0002:00002008       ErrorProc
 0002:000023E4       ErrOutput
 0001:00001AE8       ExceptAddr
 0002:0000200C       ExceptClsProc
 0001:0000AE4C       ExceptHandler
 0001:0000A798       Exception.Create
 0001:0000A7D4       Exception.CreateFmt
 0001:0000A854       Exception.CreateRes
 0001:0000A890       Exception.CreateResFmt
 0002:0000201C       ExceptionClass
 0001:0000A538       ExceptionErrorMessage
 0002:00000258       ExceptMap
 0001:00001AC8       ExceptObject
 0002:00002010       ExceptObjProc
 0002:00002004       ExceptProc
 0001:00005538       ExcludeClipRect
 0002:00000000       ExitCode
 0001:00003068       ExitDll
 0002:00002044       ExitProc
 0001:00000224       ExitProcess
 0002:00002024       ExitProcessProc
 0002:00000134       ExitProcList
 0001:000076EC       ExpandFileName
 0001:00026A9C       ExplorerHook
 0001:0002D70C       ExtActns
 0001:0002ACE0       ExtCtrls
 0001:0002D578       ExtDlgs
 0001:000076A4       ExtractFileExt
 0001:0000766C       ExtractFileName
 0001:00027114       ExtractFileName
 0001:0002715C       ExtractFileNames
 0002:0000278C       FalseBoolStrs
 0002:00002A84       FClipboard
 0002:00000168       FCon1E18
 0001:000075DC       FileClose
 0001:00007544       FileCreate
 0001:00007520       FileCreate
 0002:000006CC       FileFormats
 0002:00000008       FileMode
 0001:000074C8       FileOpen
 0001:0000754C       FileRead
 0002:000003DC       FilerSignature
 0001:000075A4       FileSeek
 0001:00007578       FileWrite
 0001:00000E88       FillAfterGap
 0001:00000E28       FillBeforeGap
 0001:00000F28       FillerSizeAfterGap
 0001:00000EB0       FillerSizeBeforeGap
 0001:000057F8       FillRect
 0002:000009D8       FillStyles
 0001:00005E58       Finalization
 0001:00005E20       Finalization
 0001:000433A4       Finalization
 0001:000446D4       Finalization
 0001:00032628       Finalization
 0001:000319A4       Finalization
 0001:0003183C       Finalization
 0001:0002E444       Finalization
 0001:0004639C       Finalization
 0001:0002D84C       Finalization
 0001:0002D714       Finalization
 0001:0002D6BC       Finalization
 0001:0002D664       Finalization
 0001:0000C680       Finalization
 0001:0002D600       Finalization
 0001:0002D598       Finalization
 0001:0002D548       Finalization
 0001:0002D4E8       Finalization
 0001:0002ADDC       Finalization
 0001:0002AD48       Finalization
 0001:0002AD10       Finalization
 0001:0000D03C       Finalization
 0001:0002AC98       Finalization
 0001:0002793C       Finalization
 0001:0000518C       Finalization
 0001:00005114       Finalization
 0001:00004EE4       Finalization
 0001:0004C98C       Finalization
 0001:00025D5C       Finalization
 0001:00025D24       Finalization
 0001:00025CD4       Finalization
 0001:00025C68       Finalization
 0001:0000F99C       Finalization
 0001:00025C30       Finalization
 0001:0000FBA8       Finalization
 0001:00025BF8       Finalization
 0001:00025BC0       Finalization
 0001:00025B88       Finalization
 0001:00025B50       Finalization
 0001:00025AE0       Finalization
 0001:00010370       Finalization
 0001:000103C8       Finalization
 0001:0002515C       Finalization
 0001:00024FB0       Finalization
 0001:00024C8C       Finalization
 0001:00024C54       Finalization
 0001:00024C0C       Finalization
 0001:00023C24       Finalization
 0001:00023BE4       Finalization
 0001:00023464       Finalization
 0001:00023368       Finalization
 0001:000230B0       Finalization
 0001:00022EB8       Finalization
 0001:00058F4C       Finalization
 0001:00019FA4       Finalization
 0001:00058FEC       Finalization
 0001:0005AA28       Finalization
 0001:00019BC0       Finalization
 0001:0005B880       Finalization
 0001:0005B8C8       Finalization
 0001:00006168       Finalization
 0001:00004038       FinalizeArray
 0001:00002E7C       FinalizeUnits
 0001:0004B0FC       Find
 0001:00004324       FindBS
 0001:00012608       FindClass
 0001:0000428C       FindClassHInstance
 0001:00000234       FindClose
 0001:00000DE4       FindCommitted
 0001:00034AD8       FindControl
 0001:000411F4       FindControlAtPos
 0001:0000F8AC       FindCustomVariantType
 0001:0000F7F4       FindCustomVariantType
 0001:00036514       FindDragTarget
 0001:0001673C       FindExistingComponent
 0001:0000023C       FindFirstFile
 0001:0004EB34       FindGlobalComponent
 0001:000129F4       FindGlobalComponent
 0002:00002860       FindGlobalComponentProcs
 0001:00004264       FindHInstance
 0001:0001289C       FindIdentToInt
 0002:00002A70       FindMsg
 0001:000158CC       FindNestedComponent
 0001:00047304       FindPopupControl
 0001:0000CD04       FindProc
 0001:000052E8       FindResource
 0001:000042DC       FindResourceHInstance
 0001:0005877C       FindScanline
 0001:0004EA8C       FindTopMostWindow
 0001:00017620       FindUniqueName
 0001:000364E0       FindVCLWindow
 0001:00005800       FindWindow
 0001:00032408       FindWinHelp
 0001:000201C0       FixupBitFields
 0002:00000D10       Flags
 0002:0000279C       FLanguages
 0001:00024FE0       FlatSB
 0002:00002940       FlatSB_EnableScrollBar
 0002:0000294C       FlatSB_GetScrollInfo
 0002:00002950       FlatSB_GetScrollPos
 0002:00002948       FlatSB_GetScrollRange
 0002:00002958       FlatSB_SetScrollInfo
 0002:00002954       FlatSB_SetScrollPos
 0001:00024CD0       FlatSB_SetScrollProp
 0002:0000295C       FlatSB_SetScrollRange
 0002:00002944       FlatSB_ShowScrollBar
 0001:000082BC       FloatToDecimal
 0001:000085FC       FloatToStr
 0001:00007FE8       FloatToText
 0001:00001D34       Flush
 0002:0000017C       FMSecsPerDay
 0001:00007EDC       FmtStr
 0002:00000D2C       FocusCount
 0002:00000D28       FocusMessages
 0002:000005E8       FontCharsets
 0002:000028D8       FontManager
 0002:00000728       ForceCurrentDirectory
 0001:0004EB08       ForegroundTask
 0002:00002BD8       Form1
 0002:00000184       Format
 0001:00007EC8       Format
 0001:00007AB8       FormatBuf
 0001:00007AAC       FormatClearStr
 0001:00007A30       FormatError
 0002:00000160       FormatErrorStrs
 0001:000052F0       FormatMessage
 0001:00007A88       FormatVarToStr
 0001:00058FA8       Forms
 0001:00001FE0       FPower10
 0002:00000724       FPrinter
 0001:00029348       Frame3D
 0001:00005808       FrameRect
 0001:0000C260       FreeAndNil
 0001:00000AE4       FreeCommitted
 0001:0000111C       FreeCurAlloc
 0001:000365D4       FreeDeviceContext
 0001:00036690       FreeDeviceContexts
 0001:0001998C       FreeIntConstList
 0001:00000244       FreeLibrary
 0001:000052F8       FreeLibrary
 0001:0001FD1C       FreeMemoryContexts
 0001:00019AC0       FreeObjectInstance
 0001:00005308       FreeResource
 0001:000006B4       FreeSpace
 0001:0000BD60       FreeTerminateProcs
 0001:00025194       FreeThemeLibrary
 0002:00002AE4       FRichEditModule
 0001:0001D0D8       GDICheck
 0001:0001D030       GDIError
 0001:00005540       GdiFlush
 0001:00001C98       Get8087CW
 0001:00005310       GetACP
 0001:00005810       GetActiveWindow
 0001:00056380       GetAnimation
 0001:00005548       GetBitmapBits
 0001:00000370       GetBlockDesc
 0001:00005550       GetBrushOrgEx
 0001:00005818       GetCapture
 0001:00034DF4       GetCaptureControl
 0001:000125B4       GetClass
 0001:00005820       GetClassInfo
 0001:00005828       GetClassName
 0001:00005830       GetClientRect
 0001:00005838       GetClipboardData
 0001:0001EAA0       GetClipboardFormats
 0001:00005558       GetClipBox
 0001:0000030C       GetCmdShow
 0001:0004492C       GetColor
 0001:0002D7EC       GetComCtlVersion
 0001:0000024C       GetCommandLine
 0001:000008F8       GetCommitted
 0001:000009A0       GetCommittedAt
 0001:0003BC98       GetControlAtPos
 0001:00008B64       GetCount
 0001:00005318       GetCPInfo
 0001:00005560       GetCurrentPositionEx
 0001:00005320       GetCurrentProcessId
 0002:00002A24       GetCurrentThemeName
 0001:000002FC       GetCurrentThreadId
 0001:00005328       GetCurrentThreadId
 0001:00005BE4       GetCurrentTime
 0001:00005840       GetCursor
 0001:0005878C       GetCursorHeightMargin
 0001:00005848       GetCursorPos
 0001:000274E8       GetCustomColorsArray
 0001:00008B94       GetDate
 0001:00005330       GetDateFormat
 0001:00009844       GetDateOrder
 0001:00005850       GetDC
 0001:00005858       GetDCEx
 0001:00005568       GetDCOrgEx
 0001:00022AC0       GetDefFontCharSet
 0001:00005860       GetDesktopWindow
 0001:00005580       GetDeviceCaps
 0001:0001E068       GetDIB
 0001:00005570       GetDIBColorTable
 0001:00005578       GetDIBits
 0001:0001DFB0       GetDIBSizes
 0001:0001D248       GetDInColors
 0001:00005338       GetDiskFreeSpaceA
 0002:00000130       GetDiskFreeSpaceEx
 0001:00005868       GetDlgItem
 0001:000424D0       GetDockAlign
 0001:000357A4       GetDockSiteAtPos
 0001:00035AD8       GetDropCtl
 0001:00002668       GetDynaMethod
 0001:00005588       GetEnhMetaFileBits
 0001:00005590       GetEnhMetaFileHeader
 0001:00005598       GetEnhMetaFilePaletteEntries
 0001:0000FC18       GetEnumNameValue
 0001:0000FC64       GetEnumValue
 0001:0000A254       GetEraNamesAndYearOffsets
 0001:000098D8       GetEraYearOffset
 0001:0000AB94       GetExceptionClass
 0001:0000AD80       GetExceptionObject
 0001:0001253C       GetFieldClassTable
 0001:0001EA80       GetFileFormats
 0001:0000AFF0       GetFileVersion
 0001:00005498       GetFileVersionInfo
 0001:000054A0       GetFileVersionInfoSize
 0001:00005870       GetFocus
 0001:0001BAE8       GetFontData
 0001:00005878       GetForegroundWindow
 0001:0000B908       GetFormatSettings
 0001:00005340       GetFullPathName
 0001:0001B030       GetHashCode
 0001:000538CC       GetHelpInfo
 0001:000240A4       GetHelpSystem
 0001:00056164       GetHint
 0001:0005619C       GetHintControl
 0001:0004C82C       GetHotkey
 0001:00005880       GetIconInfo
 0001:00005898       GetKeyboardLayout
 0001:000058A0       GetKeyboardLayoutList
 0001:000058A8       GetKeyboardState
 0001:000022CC       GetKeyboardType
 0001:00005888       GetKeyNameText
 0001:00005890       GetKeyState
 0001:000058B0       GetLastActivePopup
 0001:00040770       GetLastChildZone
 0001:00005348       GetLastError
 0001:0000A018       GetLocaleChar
 0001:00005358       GetLocaleInfo
 0001:00000254       GetLocaleInfo
 0001:00009FCC       GetLocaleStr
 0001:00005350       GetLocalTime
 0001:00034D5C       GetLongHint
 0001:000058B8       GetMenu
 0001:00053854       GetMenuHelpContext
 0001:000058C0       GetMenuItemCount
 0001:000058C8       GetMenuItemID
 0001:000058D0       GetMenuItemInfo
 0001:00049948       GetMenuSize
 0001:000058D8       GetMenuState
 0001:000058E0       GetMenuString
 0001:0000025C       GetModuleFileName
 0001:00005360       GetModuleFileName
 0001:00000264       GetModuleHandle
 0001:00005368       GetModuleHandle
 0001:0000500C       GetModuleHandle
 0002:00002908       GetMonitorInfo
 0002:0000290C       GetMonitorInfoA
 0002:00002910       GetMonitorInfoW
 0001:0000A07C       GetMonthDayNames
 0001:000058E8       GetNextWindow
 0001:000055A0       GetObject
 0001:00025D0C       GetOpenFileName
 0001:0000FD38       GetOrdProp
 0001:000055A8       GetPaletteEntries
 0001:000058F0       GetParent
 0001:0004ED00       GetParentForm
 0001:000055B0       GetPixel
 0001:00005370       GetProcAddress
 0001:0000026C       GetProcAddress
 0001:000058F8       GetProp
 0001:0000FCC8       GetPropInfo
 0001:0004F1C0       GetRealScrollPosition
 0001:0004490C       GetRGBColor
 0001:00025D14       GetSaveFileName
 0001:00005900       GetScrollInfo
 0001:00005908       GetScrollPos
 0001:00005910       GetScrollRange
 0001:00034D18       GetShortHint
 0001:000005D8       GetSpace
 0001:0000063C       GetSpaceAt
 0001:00047394       GetSpecialName
 0001:00000274       GetStartupInfo
 0001:00005378       GetStdHandle
 0001:000001F4       GetStdHandle
 0001:000055B8       GetStockObject
 0001:00005380       GetStringTypeEx
 0001:00005918       GetSubMenu
 0001:00005920       GetSysColor
 0001:00005928       GetSysColorBrush
 0001:00005388       GetSystemInfo
 0001:00005930       GetSystemMenu
 0002:000028F8       GetSystemMetrics
 0001:00005938       GetSystemMetrics
 0001:000055C0       GetSystemPaletteEntries
 0001:000055C8       GetTextExtentPoint32
 0001:000055D0       GetTextMetrics
 0002:00002A1C       GetThemeAppProperties
 0002:00002988       GetThemeBackgroundContentRect
 0002:0000298C       GetThemeBackgroundExtent
 0002:0000299C       GetThemeBackgroundRegion
 0002:000029C0       GetThemeBool
 0002:000029B4       GetThemeColor
 0002:00002A28       GetThemeDocumentationProperty
 0002:000029C8       GetThemeEnumValue
 0002:000029E8       GetThemeFilename
 0002:000029D0       GetThemeFont
 0002:000029C4       GetThemeInt
 0002:000029DC       GetThemeIntList
 0002:000029D8       GetThemeMargins
 0002:000029B8       GetThemeMetric
 0002:00002990       GetThemePartSize
 0002:000029CC       GetThemePosition
 0002:000029E0       GetThemePropertyOrigin
 0002:000029D4       GetThemeRect
 0002:000029BC       GetThemeString
 0002:000029F4       GetThemeSysBool
 0002:000029EC       GetThemeSysColor
 0002:000029F0       GetThemeSysColorBrush
 0002:000029FC       GetThemeSysFont
 0002:00002A04       GetThemeSysInt
 0002:000029F8       GetThemeSysSize
 0002:00002A00       GetThemeSysString
 0002:00002994       GetThemeTextExtent
 0002:00002998       GetThemeTextMetrics
 0001:00005390       GetThreadLocale
 0001:0000027C       GetThreadLocale
 0001:00005398       GetTickCount
 0001:00008BCC       GetTime
 0001:00005038       GetTlsSize
 0001:00056944       GetTopMostWindows
 0001:00034F00       GetTopParent
 0001:00005940       GetTopWindow
 0001:0000FC0C       GetTypeData
 0001:000053A0       GetVersion
 0001:00000304       GetVersion
 0001:000053A8       GetVersionEx
 0001:00005948       GetWindow
 0001:00005950       GetWindowDC
 0001:00005958       GetWindowLong
 0001:000055E0       GetWindowOrgEx
 0001:00005960       GetWindowPlacement
 0001:00005968       GetWindowRect
 0001:00005970       GetWindowText
 0002:00002A10       GetWindowTheme
 0001:00005980       GetWindowThreadProcessId
 0001:00005978       GetWindowThreadProcessId
 0001:000055D8       GetWinMetaFileBits
 0001:000053B0       GlobalAddAtom
 0001:000053B8       GlobalAlloc
 0001:00005BF0       GlobalAllocPtr
 0001:000053C0       GlobalDeleteAtom
 0001:000053C8       GlobalFindAtom
 0002:00002864       GlobalFixupList
 0001:00015A14       GlobalFixupReferences
 0001:000053D0       GlobalFree
 0001:00005C1C       GlobalFreePtr
 0001:000053E0       GlobalHandle
 0001:000053D8       GlobalLock
 0002:00002848       GlobalNameSpace
 0001:000053E8       GlobalReAlloc
 0001:00005C00       GlobalReAllocPtr
 0001:000053F0       GlobalUnlock
 0002:000009C8       GlyphCache
 0001:00022F8C       Graphics
 0001:00012730       GroupDescendentsWith
 0001:00053AD4       HandleEdge
 0001:00016E78       HandleException
 0002:00000024       HeapAllocFlags
 0002:000025C4       heapErrorCode
 0002:000025C8       heapLock
 0001:00024C4C       HelpIntfs
 0002:00002934       HelpManager
 0002:00002A6C       HelpMsg
 0002:00002B08       HelpViewer
 0002:00002B0C       HelpViewerIntf
 0002:0000012C       HexDisplayPrefix
 0002:00000AB0       HideSelections
 0001:0004254C       HideZone
 0002:00002664       HInstance
 0002:00002BC4       HintDoneEvent
 0001:0005626C       HintGetMsgHook
 0002:00002BC8       HintHook
 0001:00056210       HintMouseThread
 0002:00002BCC       HintThread
 0002:00002BC0       HintThreadID
 0001:000561BC       HintTimerProc
 0002:00000D20       HintWindowClass
 0002:000029A0       HitTestThemeBackground
 0001:000562B0       HookHintHooks
 0001:00005D28       HwndMSWheel
 0002:00000CB4       IBreaks
 0002:00000CC0       IChecks
 0002:00000CC8       IDefaults
 0001:0001BAD8       IdentToCharset
 0001:0001B8D0       IdentToColor
 0001:00034D08       IdentToCursor
 0001:00012918       IdentToInt
 0002:00000CD0       IEnables
 0001:0004A6EC       IfHotkeyAvailable
 0002:00002B9C       ImageListWriteExProc
 0001:000233B8       ImageList_Add
 0001:000233D8       ImageList_AddIcon
 0001:00023404       ImageList_BeginDrag
 0001:000233A0       ImageList_Create
 0001:000233A8       ImageList_Destroy
 0001:00023414       ImageList_DragEnter
 0001:0002341C       ImageList_DragLeave
 0001:00023424       ImageList_DragMove
 0001:00023434       ImageList_DragShowNolock
 0001:000233E4       ImageList_Draw
 0001:000233F4       ImageList_DrawEx
 0001:0002340C       ImageList_EndDrag
 0001:000233D0       ImageList_GetBkColor
 0001:0002343C       ImageList_GetDragImage
 0001:00023454       ImageList_GetIconSize
 0001:000233B0       ImageList_GetImageCount
 0001:00023444       ImageList_Read
 0001:000233FC       ImageList_Remove
 0001:000233EC       ImageList_Replace
 0001:000233C0       ImageList_ReplaceIcon
 0001:000233C8       ImageList_SetBkColor
 0001:0002342C       ImageList_SetDragCursorImage
 0001:0002345C       ImageList_SetIconSize
 0001:0002344C       ImageList_Write
 0002:00000C24       Images
 0001:000463CC       ImgList
 0001:00023C54       Imm
 0002:00000C08       IMM32DLL
 0001:0004313C       Imm32IsIME
 0002:00000180       IMSecsPerDay
 0001:0000DB84       InBounds
 0001:0000DE24       InBounds
 0001:0000DE54       Increment
 0001:0000DBB4       Increment
 0001:00005988       InflateRect
 0001:0002D5E0       IniFiles
 0001:00000B78       InitAllocator
 0001:0002349C       InitAnApi
 0002:00002920       InitApis
 0001:00012BC0       InitComponent
 0002:00002634       InitContext
 0001:000431D8       InitControls
 0001:00022B04       InitDefFontData
 0001:0000BD8C       InitDriveSpacePtr
 0001:0000AE5C       InitExceptions
 0001:00024D2C       InitFlatSB
 0001:000277E8       InitGlobals
 0001:0001DE68       InitializeBitmapInfoHeader
 0001:000053F8       InitializeCriticalSection
 0001:00000350       InitializeCriticalSection
 0002:000025C0       initialized
 0001:00024D04       InitializeFlatSB
 0001:000050C4       InitializeModule
 0001:0000CD30       InitializeVarUtils
 0001:00042DDC       InitIMM32
 0001:00012C68       InitInheritedComponent
 0001:0000B718       InitLeadBytes
 0001:00023B78       InitMultiMonStubs
 0001:0000AF60       InitPlatformId
 0002:00002040       InitProc
 0001:00058EC0       InitProcs
 0001:00022A88       InitScreenLogPixels
 0001:0000B790       InitSysLocale
 0001:00025354       InitThemeLibrary
 0001:00018784       InitThreadSynchronization
 0001:00005040       InitThreadTLS
 0001:00002EEC       InitUnits
 0001:000349EC       InitWndProc
 0002:00000BA8       InnerStyles
 0002:0000204C       Input
 0001:0003A4CC       InsertBefore
 0001:00055C94       InsertBefore
 0001:00001024       InsertFree
 0001:0004A7A0       InsertHotkeyFarEastFormat
 0001:00005990       InsertMenu
 0001:00005998       InsertMenuItem
 0002:00002880       InstBlockList
 0002:00002884       InstFreeList
 0002:00002858       IntConstList
 0001:0000BDF4       InterlockedDecrement
 0001:000002F4       InterlockedDecrement
 0001:0000BE00       InterlockedExchange
 0001:00005300       InterlockedExchange
 0001:0000BE08       InterlockedExchangeAdd
 0001:0000BDE8       InterlockedIncrement
 0001:000002EC       InterlockedIncrement
 0001:0001AFBC       InternalDeletePalette
 0001:00001CEC       InternalFlush
 0001:00000E64       InternalFreeMem
 0001:0001DFB8       InternalGetDIB
 0001:0001DF4C       InternalGetDIBSizes
 0001:00012A58       InternalReadComponentRes
 0002:00002AF0       InternalServices
 0001:000036E8       InternalUniqueString
 0001:000055E8       IntersectClipRect
 0001:000059A0       IntersectRect
 0001:00007278       IntToHex
 0001:00012958       IntToIdent
 0001:00007164       IntToStr
 0001:00007250       IntToStr
 0001:000059A8       InvalidateRect
 0001:0001CFB8       InvalidBitmap
 0001:0001CFA0       InvalidGraphic
 0001:0001CFC4       InvalidIcon
 0001:0001CFD0       InvalidMetafile
 0001:0001CF88       InvalidOperation
 0001:00011AC4       InvalidPoint
 0002:00002798       InvalidPointer
 0001:00002514       InvokeImplGetter
 0001:00001C28       IOResult
 0002:00000CF0       IOwnerDraw
 0002:00000CD8       IRadios
 0002:00000CE8       IRTL
 0001:0004EC90       IsAccel
 0001:0004B980       IsAccelChar
 0002:00002A0C       IsAppThemed
 0001:0003555C       IsBeforeTargetWindow
 0001:000059B0       IsChild
 0002:00002048       IsConsole
 0001:0000B448       IsDelimiter
 0001:000359B8       IsDelphiHandle
 0001:000059B8       IsDialogMessage
 0002:00000CE0       ISeparators
 0001:000059C0       IsIconic
 0001:0004B9DC       IsInitialChar
 0001:000087FC       IsLeapYear
 0002:00002034       IsLibrary
 0002:00002049       IsMultiThread
 0001:000401AC       IsOrientationSet
 0001:0000B414       IsPathDelimiter
 0001:000059C8       IsRectEmpty
 0001:00035760       IsSiteChildOfClient
 0002:00002A08       IsThemeActive
 0002:000029B0       IsThemeBackgroundPartiallyTransparent
 0002:00002A18       IsThemeDialogTextureEnabled
 0002:000029AC       IsThemePartDefined
 0001:00012A34       IsUniqueGlobalComponentName
 0002:0000284C       IsUniqueGlobalComponentNameProc
 0001:000070B4       IsValidIdent
 0001:0000B778       IsWesternGroup
 0001:000059D0       IsWindow
 0001:000059D8       IsWindowEnabled
 0001:000059E0       IsWindowVisible
 0001:000059E8       IsZoomed
 0001:00047760       Iterate
 0001:000477C0       IterateMenus
 0002:0000002C       JITEnable
 0001:0004EC44       KeyboardStateToShiftState
 0001:0004EC08       KeyDataToShiftState
 0001:0004EBB4       KeysToShiftState
 0001:000059F0       KillTimer
 0001:0000761C       LastDelimiter
 0001:0000B6A4       LCIDToCodePage
 0001:00004E70       LCIDToCodePage
 0002:0000010C       LeadBytes
 0001:00000360       LeaveCriticalSection
 0001:00005400       LeaveCriticalSection
 0002:00000034       LibModuleList
 0001:000055F0       LineTo
 0001:0002D744       ListActns
 0001:0003655C       ListAdd
 0001:00036584       ListRemove
 0002:0000274E       ListSeparator
 0001:000059F8       LoadBitmap
 0001:00005A00       LoadCursor
 0001:00005A08       LoadIcon
 0001:00005A10       LoadKeyboardLayout
 0001:00005408       LoadLibrary
 0001:00000284       LoadLibraryEx
 0001:00005410       LoadResource
 0001:00004528       LoadResourceModule
 0001:00004E18       LoadResString
 0001:00005A18       LoadString
 0001:0000028C       LoadString
 0001:00000330       LocalAlloc
 0001:00005014       LocalAlloc
 0001:00000338       LocalFree
 0001:0000A040       LocalGetLocaleStr
 0002:00002A40       Lock
 0001:00005418       LockResource
 0002:00002690       LongDateFormat
 0002:00002724       LongDayNames
 0002:000026D8       LongMonthNames
 0002:000026A4       LongTimeFormat
 0001:00006E70       LowerCase
 0001:00005490       lstrcpy
 0001:00000294       lstrcpyn
 0002:00002820       LVarTypes
 0002:00002824       LVarTypeSync
 0002:0000202C       MainInstance
 0002:00002030       MainThreadID
 0001:000003F4       MakeEmpty
 0001:0000300C       MakeErrorMessage
 0002:00000BF4       MakeLast
 0001:00005BD8       MakeLong
 0001:00019A28       MakeObjectInstance
 0001:00005C30       MakeROP4
 0001:00005C68       MakeWParam
 0001:0000AB14       MapException
 0001:0002D6B4       Mapi
 0002:000009F4       MAPIDLL
 0002:000009F8       MAPIModule
 0001:00002CF4       MapToRunError
 0001:00005A20       MapVirtualKey
 0001:00005A28       MapWindowPoints
 0002:00000C2C       Mask
 0001:000055F8       MaskBlt
 0001:000230E0       Math
 0001:00023090       Max
 0001:00051560       MaximizedChildren
 0002:0000003C       MemoryManager
 0002:00000C48       MenuKeyCaps
 0001:0004C9FC       Menus
 0001:0000048C       MergeBlockAfter
 0001:00001168       MergeCommit
 0001:00005A30       MessageBeep
 0001:00005A38       MessageBox
 0001:0000022C       MessageBox
 0001:00005E88       Messages
 0001:00023088       Min
 0001:000132CC       Min
 0001:00039E10       MinVar
 0002:00002928       MMAvailable
 0002:00000C0C       ModeMap
 0001:00053260       ModifySystemMenu
 0002:000000A4       Module
 0002:00002661       ModuleIsCpp
 0002:00002660       ModuleIsLib
 0001:000199F8       ModuleUnload
 0002:00000038       ModuleUnloadList
 0002:00002904       MonitorFromPoint
 0002:00002900       MonitorFromRect
 0002:000028FC       MonitorFromWindow
 0002:000000DC       MonthDays
 0002:00002B10       Mouse
 0001:00001C48       Move
 0001:00005600       MoveToEx
 0001:000365A4       MoveWindowOrg
 0001:00005420       MulDiv
 0001:000002A4       MultiByteToWideChar
 0001:0005894C       MultiLineWidth
 0001:00023C14       MultiMon
 0002:00002685       NegCurrFormat
 0001:000011F4       NewCommit
 0001:00001220       NewCommitAt
 0002:000009E0       NewState
 0002:00002B14       NewStyleControls
 0001:0000B3D8       NextCharIndex
 0001:00040190       NextVisibleZone
 0002:000003E0       NilMethod
 0002:00000030       NoErrMsg
 0001:00048574       NormalDraw
 0001:000028AC       NotifyAnyExcept
 0001:00002880       NotifyExcept
 0001:000028E0       NotifyExceptFinally
 0001:00012B34       NotifyGlobalLoading
 0001:00004864       NotifyModuleUnload
 0001:0000285C       NotifyNonDelphiException
 0001:00002898       NotifyOnExcept
 0001:00002840       NotifyReRaise
 0001:00002908       NotifyTerminate
 0001:00002924       NotifyUnhandled
 0001:0004B32C       NthParentOf
 0001:0000F994       Null
 0002:0000031C       NullAsStringValue
 0002:00000318       NullStrictConvert
 0001:00034AA4       ObjectFromHWnd
 0002:00000AB8       OEMConverts
 0001:00005A40       OemToAnsi
 0001:00005A48       OffsetRect
 0002:00000734       OpenOptions
 0002:0000078C       OpenOptionsEx
 0002:00002978       OpenThemeData
 0002:00000BEC       OrientArray
 0002:00000BB8       OuterStyles
 0002:00002794       OutOfMemory
 0001:0001CFDC       OutOfResources
 0002:00002218       Output
 0002:00002BDC       p
 0002:00000320       PackVarCreation
 0002:000006E4       Pal16
 0001:0001B3C4       PaletteChanged
 0001:0001D7D4       PaletteFromDIBColorTable
 0001:0001D878       PaletteToDIBColorTable
 0002:000006E0       PalSize
 0001:0004059C       ParentNotLast
 0002:00000A94       Passwords
 0001:00005608       PatBlt
 0002:000028E8       PatternManager
 0001:00005A50       PeekMessage
 0002:000028DC       PenManager
 0002:000006A8       PenModes
 0002:00000688       PenStyles
 0001:00034DA0       PerformEraseBackground
 0001:00005610       PlayEnhMetaFile
 0001:00005168       Point
 0001:00011A4C       Point
 0001:00011E84       PointerInModule
 0001:0003B6B8       PointsEqual
 0001:00005C50       PointToSmallPoint
 0001:00005618       Polyline
 0002:00002BA0       PopupList
 0001:00005A58       PostMessage
 0001:00005A60       PostQuitMessage
 0001:00024CC8       Printers
 0001:00054974       ProcessExecute
 0001:0004EEC0       ProcessHorz
 0001:00054A74       ProcessUpdate
 0001:0004EF2C       ProcessVert
 0001:0005BAE0       Project1
 0001:00015D10       PropertyNotFound
 0001:00016F78       PropPathError
 0002:00000D50       Props
 0001:00015D04       PropValueError
 0001:00005A68       PtInRect
 0002:000000A0       PtrToNil
 0001:00007FA4       PutExponent
 0002:00002B58       QualifyingSites
 0001:0000AAD0       RaiseAssertException
 0001:000001FC       RaiseException
 0001:00014D24       RaiseException
 0002:00002014       RaiseExceptionProc
 0001:0000BC88       RaiseLastOSError
 0001:00041310       ReadControlName
 0001:000181B8       ReadCustomVariant
 0001:00015CEC       ReadError
 0001:00005428       ReadFile
 0001:0001DB2C       ReadIcon
 0002:00000A9C       ReadOnlys
 0001:00005620       RealizePalette
 0001:0001652C       Recover
 0001:0000514C       Rect
 0001:00011A74       Rect
 0001:00005630       Rectangle
 0001:00005628       RectVisible
 0001:00005A70       RedrawWindow
 0002:00002818       RefAnyProc
 0002:00002A3C       ReferenceCount
 0001:00005290       RegCloseKey
 0001:000002AC       RegCloseKey
 0002:0000285C       RegGroups
 0001:00012628       RegisterClass
 0001:00005A78       RegisterClass
 0001:00005A80       RegisterClipboardFormat
 0001:00035900       RegisterDockSite
 0001:0001299C       RegisterFindGlobalComponentProc
 0001:00012870       RegisterIntegerConsts
 0001:000048C0       RegisterModule
 0001:00024020       RegisterViewer
 0001:00005A88       RegisterWindowMessage
 0001:0002D648       Registry
 0001:000002B4       RegOpenKeyEx
 0001:00005298       RegOpenKeyEx
 0001:000002BC       RegQueryValueEx
 0001:000052A0       RegQueryValueEx
 0001:00025C28       RegStr
 0001:00005A90       ReleaseCapture
 0001:00005A98       ReleaseDC
 0002:00000048       reMap
 0002:00002618       remBytes
 0001:00000514       RemoveBlock
 0002:000003BC       RemoveDataModule
 0001:00015BBC       RemoveFixupReferences
 0001:00015C68       RemoveFixups
 0001:00015F60       RemoveGlobalFixup
 0001:00005AA0       RemoveMenu
 0001:000047B4       RemoveModuleUnloadProc
 0001:000047DC       RemoveModuleUnloadProc
 0001:00005AA8       RemoveProp
 0001:00005430       ResetEvent
 0001:000187D0       ResetSyncEvent
 0001:00001758       ResizeInPlace
 0001:00005638       RestoreDC
 0001:0004E848       RestoreFocusState
 0001:00013A88       ReturnAddr
 0001:00012DF8       ReturnAddr
 0001:00047334       ReturnAddr
 0001:0001D558       RGBQuadToTriple
 0001:0001D510       RGBTripleToQuad
 0001:00025B80       RichEdit
 0002:00002B28       RM_GetObjectInstance
 0002:00002BBC       RM_TaskbarCreated
 0001:00005640       RoundRect
 0002:00002614       rover
 0002:000009FC       RTFConversionFormat
 0001:0000FBD8       RTLConsts
 0001:00000204       RtlUnwind
 0002:00002018       RTLUnwindProc
 0002:0000006C       runErrMsg
 0001:00001B50       RunErrorAt
 0001:0000CCE4       SafeArrayCreate
 0001:0000CCEC       SafeArrayGetLBound
 0001:0000CCF4       SafeArrayGetUBound
 0001:0000CCFC       SafeArrayPtrOfIndex
 0001:0000C32C       SafeLoadLibrary
 0001:00006F64       SameText
 0001:00005648       SaveDC
 0001:0004E838       SaveFocusState
 0001:000096C8       ScanBlanks
 0001:0000980C       ScanChar
 0001:00009988       ScanDate
 0001:000096EC       ScanNumber
 0001:00009780       ScanString
 0001:00009CCC       ScanTime
 0001:00009890       ScanToNumber
 0001:00044A58       ScrambleBitmap
 0002:00002BB4       Screen
 0002:00002894       ScreenLogPixels
 0001:00005AB0       ScreenToClient
 0001:0004F078       ScrollBarVisible
 0001:00005AB8       ScrollWindow
 0001:00001254       SearchSmallBlocks
 0001:00005650       SelectObject
 0001:00005658       SelectPalette
 0001:00034B34       SendAppMessage
 0001:0004EAC8       SendFocusMessage
 0001:00005AC0       SendMessage
 0002:00000CAC       Separators
 0001:00001C88       Set8087CW
 0001:00005AC8       SetActiveWindow
 0001:000563B0       SetAnimation
 0001:00005660       SetBkColor
 0001:00005668       SetBkMode
 0001:00005670       SetBrushOrgEx
 0001:00005AD0       SetCapture
 0001:00034E1C       SetCaptureControl
 0001:00005AD8       SetClassLong
 0001:0000F520       SetClearVarToEmptyParam
 0001:0001669C       SetCompName
 0001:00005AE0       SetCursor
 0001:000275B4       SetCustomColorsArray
 0001:00005678       SetDIBColorTable
 0001:00005438       SetEndOfFile
 0001:00005680       SetEnhMetaFileBits
 0001:00005440       SetErrorMode
 0001:00005448       SetEvent
 0001:00002E34       SetExceptionHandler
 0001:00005450       SetFilePointer
 0001:0001003C       SetFloatProp
 0001:00005AE8       SetFocus
 0001:00005AF0       SetForegroundWindow
 0001:00043060       SetImeMode
 0001:00001BD4       SetInOutRes
 0001:000102C0       SetInt64Prop
 0001:000102FC       SetInterfaceProp
 0001:00017258       SetInterfaceReference
 0001:00017174       SetIntIdent
 0002:00000D24       SetLayeredWindowAttributes
 0001:0000FEA4       SetLongStrProp
 0001:00005AF8       SetMenu
 0001:00005B00       SetMenuItemInfo
 0001:00010288       SetMethodProp
 0001:000171BC       SetObjectIdent
 0001:0000FDAC       SetOrdProp
 0001:00005B08       SetParent
 0001:00005688       SetPixel
 0001:00005B10       SetProp
 0001:00005B18       SetRect
 0001:00005690       SetROP2
 0001:00005B20       SetScrollInfo
 0001:00005B28       SetScrollPos
 0001:00005B30       SetScrollRange
 0001:0000FE08       SetShortStrProp
 0001:0000FE5C       SetShortStrPropAsLongStr
 0001:00005698       SetStretchBltMode
 0001:0000FF3C       SetStrProp
 0001:000164A4       SetSubComponentState
 0001:000056A0       SetTextColor
 0002:00002A20       SetThemeAppProperties
 0001:00005458       SetThreadLocale
 0001:00005B38       SetTimer
 0001:0000F508       SetVarAsError
 0001:00010248       SetVariantProp
 0001:000171FC       SetVariantReference
 0001:000056A8       SetViewportOrgEx
 0001:00058450       SetVisible
 0001:0000FF68       SetWideStrProp
 0001:0000FEE4       SetWideStrPropAsLongStr
 0001:00005B40       SetWindowLong
 0001:000056B8       SetWindowOrgEx
 0001:00005B48       SetWindowPlacement
 0001:00005B50       SetWindowPos
 0001:00005B60       SetWindowsHookEx
 0001:00005B58       SetWindowText
 0002:000029E4       SetWindowTheme
 0001:000056B0       SetWinMetaFileBits
 0002:0000014C       ShareMode
 0001:00025BF0       ShellAPI
 0002:00002AE0       ShellModule
 0001:00025D04       ShlObj
 0001:0004735C       ShortCut
 0002:00002BA4       ShortCutItems
 0001:000473E8       ShortCutToText
 0002:0000268C       ShortDateFormat
 0002:00002708       ShortDayNames
 0002:000026A8       ShortMonthNames
 0002:000026A0       ShortTimeFormat
 0002:00000D90       ShowCommands
 0002:00000D84       ShowCommands
 0002:00000D9C       ShowCommands
 0001:00005B68       ShowCursor
 0001:0000A6D0       ShowException
 0002:00000BA0       ShowFlags
 0002:00000E38       ShowFlags
 0001:0004E850       ShowMDIClientEdge
 0001:00005B70       ShowOwnedPopups
 0001:00005B78       ShowScrollBar
 0001:00005B80       ShowWindow
 0001:000563D8       ShowWinNoAnimate
 0001:000425CC       ShowZone
 0001:00023098       Sign
 0002:00000C00       SizeCursors
 0001:00005460       SizeofResource
 0001:00017CEC       SkipBinary
 0001:00017D1C       SkipCollection
 0001:00017CC4       SkipList
 0001:00005468       Sleep
 0001:0000BC80       Sleep
 0001:00011A64       SmallPoint
 0001:00005C3C       SmallPointToPoint
 0002:00002620       smallTab
 0002:000025E8       spaceRoot
 0001:0005AA58       Spin
 0001:000126E4       StartClassGroup
 0001:000319D4       StdActns
 0001:0003186C       StdCtrls
 0001:00019A00       StdWndProc
 0002:0000289C       StockBrush
 0002:000028A0       StockFont
 0002:000028A4       StockIcon
 0002:00002898       StockPen
 0001:000079C4       StrAlloc
 0001:000079D8       StrBufSize
 0001:0000B178       StrByteType
 0001:0000B368       StrCharLength
 0001:00007894       StrComp
 0001:000077E4       StrCopy
 0001:00007A20       StrDispose
 0001:00045B18       StreamsEqual
 0001:000077C0       StrEnd
 0001:000056C0       StretchBlt
 0001:00007E30       StrFmt
 0001:000078B8       StrIComp
 0001:00014BC0       StringListCompareStrings
 0001:0004C794       StripHotkey
 0001:0000780C       StrLCopy
 0001:000077A8       StrLen
 0001:00007E7C       StrLFmt
 0001:000078F8       StrLIComp
 0001:000077D4       StrMove
 0001:000079EC       StrNew
 0001:0000B388       StrNextChar
 0001:000079B0       StrPas
 0001:00007840       StrPCopy
 0001:0000786C       StrPLCopy
 0001:0000795C       StrPos
 0001:0000793C       StrScan
 0001:000072A0       StrToInt
 0001:000072DC       StrToIntDef
 0001:0002AE0C       StrUtils
 0002:00000D78       Styles
 0001:0000C270       Supports
 0001:0000C294       Supports
 0001:0005AE60       swapval
 0002:00002850       SyncEvent
 0002:000003E8       SyncList
 0001:0002518C       SyncObjs
 0001:000002D4       SysAllocStringLen
 0001:00006198       SysConst
 0002:00000D40       SysConsts
 0002:00000D48       SysConsts
 0001:00009F80       SysErrorMessage
 0001:00001580       SysFreeMem
 0001:000002E4       SysFreeString
 0001:000013D4       SysGetMem
 0001:00005144       SysInit
 0002:00002740       SysLocale
 0001:0000195C       SysReallocMem
 0001:000002DC       SysReAllocStringLen
 0001:00004F38       System
 0002:0000288C       SystemPalette16
 0001:0001D73C       SystemPaletteOverride
 0001:00005B88       SystemParametersInfo
 0001:0000C800       SysUtils
 0001:00043EF4       TActionLink.IsCaptionLinked
 0001:00043F08       TActionLink.IsCheckedLinked
 0001:00043F1C       TActionLink.IsEnabledLinked
 0001:00043F30       TActionLink.IsGroupIndexLinked
 0001:00043F44       TActionLink.IsHelpContextLinked
 0001:00043F58       TActionLink.IsHelpLinked
 0001:00043F6C       TActionLink.IsHintLinked
 0001:00043F80       TActionLink.IsImageIndexLinked
 0001:00043F94       TActionLink.IsShortCutLinked
 0001:00043FA8       TActionLink.IsVisibleLinked
 0001:00043FBC       TActionLink.SetAutoCheck
 0001:00043FC0       TActionLink.SetCaption
 0001:00043FC4       TActionLink.SetChecked
 0001:00043FC8       TActionLink.SetEnabled
 0001:00043FCC       TActionLink.SetGroupIndex
 0001:00043FD0       TActionLink.SetHelpContext
 0001:00043FD4       TActionLink.SetHelpKeyword
 0001:00043FD8       TActionLink.SetHelpType
 0001:00043FDC       TActionLink.SetHint
 0001:00043FE0       TActionLink.SetImageIndex
 0001:00043FE4       TActionLink.SetShortCut
 0001:00043FE8       TActionLink.SetVisible
 0001:00058A10       TApplication.ActivateHint
 0001:00057580       TApplication.BringToFront
 0001:00058754       TApplication.CancelHint
 0001:00056B68       TApplication.CheckIniChange
 0001:000568E4       TApplication.ControlDestroyed
 0001:00056418       TApplication.Create
 0001:00057990       TApplication.CreateForm
 0001:00056734       TApplication.CreateHandle
 0001:00056618       TApplication.Destroy
 0001:00058DE0       TApplication.DispatchAction
 0001:00058120       TApplication.DoActionIdle
 0001:00058184       TApplication.DoMouseIdle
 0001:000569B4       TApplication.DoNormalizeTopMosts
 0001:00058E70       TApplication.ExecuteAction
 0001:00058DA4       TApplication.GetCurrentHelpFile
 0001:000573B4       TApplication.GetIconHandle
 0001:000575BC       TApplication.GetTitle
 0001:00057B10       TApplication.HandleException
 0001:0005786C       TApplication.HandleMessage
 0001:000580C8       TApplication.HelpCommand
 0001:00058040       TApplication.HelpContext
 0001:00057FB0       TApplication.HelpKeyword
 0001:00058710       TApplication.HideHint
 0001:000585C8       TApplication.HintMouseMessage
 0001:000586D8       TApplication.HintTimerExpired
 0001:00057890       TApplication.HookMainWindow
 0001:00058F1C       TApplication.HookSynchronizeWakeup
 0001:00058358       TApplication.IconChanged
 0001:000581FC       TApplication.Idle
 0001:00057978       TApplication.Initialize
 0001:00057DE0       TApplication.InvokeHelp
 0001:00057608       TApplication.IsDlgMsg
 0001:00057734       TApplication.IsHintMsg
 0001:0005767C       TApplication.IsKeyMsg
 0001:0005762C       TApplication.IsMDIMsg
 0001:00057768       TApplication.IsShortCut
 0001:00057BA0       TApplication.MessageBox
 0001:000573D0       TApplication.Minimize
 0001:00056A90       TApplication.ModalFinished
 0001:00056A64       TApplication.ModalStarted
 0001:00056AC4       TApplication.NormalizeAllTopMosts
 0001:00056ABC       TApplication.NormalizeTopMosts
 0001:0005831C       TApplication.NotifyForms
 0001:000577D4       TApplication.ProcessMessage
 0001:00057480       TApplication.Restore
 0001:00056ACC       TApplication.RestoreTopMosts
 0001:00057A10       TApplication.Run
 0001:000583BC       TApplication.SetHint
 0001:000580D0       TApplication.SetShowHint
 0001:00056BC0       TApplication.SettingChange
 0001:00057D08       TApplication.ShowException
 0001:0005855C       TApplication.StartHintTimer
 0001:000585A0       TApplication.StopHintTimer
 0001:00057AFC       TApplication.Terminate
 0001:000578EC       TApplication.UnhookMainWindow
 0001:00058F2C       TApplication.UnhookSynchronizeWakeup
 0001:00058E98       TApplication.UpdateAction
 0001:000584AC       TApplication.UpdateVisible
 0001:00056B50       TApplication.UseRightToLeftAlignment
 0001:00056B38       TApplication.UseRightToLeftReading
 0001:00058534       TApplication.ValidateHelpSystem
 0001:00058F0C       TApplication.WakeMainThread
 0001:00056CB4       TApplication.WndProc
 0002:00000D30       TaskActiveWindow
 0002:00000D38       TaskFirstTopMost
 0002:00000D34       TaskFirstWindow
 0002:00000D3C       TaskWindowList
 0001:00035274       TBaseDragControlObject.Assign
 0001:00035250       TBaseDragControlObject.Create
 0001:000352A0       TBaseDragControlObject.EndDrag
 0001:000352CC       TBaseDragControlObject.Finished
 0001:00019404       TBasicAction.Change
 0001:000192A0       TBasicAction.Create
 0001:000192E4       TBasicAction.Destroy
 0001:00019370       TBasicAction.Execute
 0001:00019340       TBasicAction.ExecuteTarget
 0001:0001933C       TBasicAction.HandlesTarget
 0001:00019344       TBasicAction.Notification
 0001:00019418       TBasicAction.RegisterChanges
 0001:00019464       TBasicAction.SetActionComponent
 0001:000193A8       TBasicAction.SetOnExecute
 0001:00019424       TBasicAction.UnRegisterChanges
 0001:0001938C       TBasicAction.Update
 0001:0001936C       TBasicAction.UpdateTarget
 0001:000191F0       TBasicActionLink.AssignClient
 0001:00019228       TBasicActionLink.Change
 0001:000191AC       TBasicActionLink.Create
 0001:000191F4       TBasicActionLink.Destroy
 0001:00019240       TBasicActionLink.Execute
 0001:00019288       TBasicActionLink.IsOnExecuteLinked
 0001:0001925C       TBasicActionLink.SetAction
 0001:0001928C       TBasicActionLink.SetOnExecute
 0001:00019294       TBasicActionLink.Update
 0001:00029CB8       TBevel.Create
 0001:00029E8C       TBevel.Paint
 0001:00029D40       TBevel.SetShape
 0001:00029D24       TBevel.SetStyle
 0001:00020B84       TBitmap.Assign
 0001:00020D60       TBitmap.Changed
 0001:00020D3C       TBitmap.Changing
 0001:00020C7C       TBitmap.CopyImage
 0001:00020AE0       TBitmap.Create
 0001:00020B48       TBitmap.Destroy
 0001:000212D8       TBitmap.DIBNeeded
 0001:00020D6C       TBitmap.Dormant
 0001:00020DE0       TBitmap.Draw
 0001:0002134C       TBitmap.FreeContext
 0001:00021030       TBitmap.FreeImage
 0001:000210B0       TBitmap.GetCanvas
 0001:00021094       TBitmap.GetEmpty
 0001:000210F8       TBitmap.GetHandle
 0001:0002111C       TBitmap.GetHandleType
 0001:00021148       TBitmap.GetHeight
 0001:00021158       TBitmap.GetMaskHandle
 0001:0002116C       TBitmap.GetMonochrome
 0001:00021188       TBitmap.GetPalette
 0001:0002119C       TBitmap.GetPixelFormat
 0001:00021220       TBitmap.GetScanline
 0001:00021288       TBitmap.GetTransparentColor
 0001:000212D0       TBitmap.GetWidth
 0001:0002135C       TBitmap.HandleNeeded
 0001:00021514       TBitmap.LoadFromClipboardFormat
 0001:00021598       TBitmap.LoadFromStream
 0001:000213FC       TBitmap.MaskHandleNeeded
 0001:000215BC       TBitmap.NewImage
 0001:0002145C       TBitmap.PaletteNeeded
 0001:000216BC       TBitmap.ReadData
 0001:000216E4       TBitmap.ReadDIB
 0001:00021C4C       TBitmap.ReadStream
 0001:00022534       TBitmap.SaveToClipboardFormat
 0001:0002252C       TBitmap.SaveToStream
 0001:00021CBC       TBitmap.SetHandle
 0001:00021D80       TBitmap.SetHandleType
 0001:00021EB8       TBitmap.SetHeight
 0001:00021F0C       TBitmap.SetMonochrome
 0001:00021F8C       TBitmap.SetPalette
 0001:00022060       TBitmap.SetPixelFormat
 0001:000221C8       TBitmap.SetTransparentColor
 0001:00022218       TBitmap.SetWidth
 0001:0002226C       TBitmap.WriteData
 0001:00022274       TBitmap.WriteStream
 0001:0001FE44       TBitmapCanvas.Create
 0001:0001FF4C       TBitmapCanvas.CreateHandle
 0001:0001FE80       TBitmapCanvas.Destroy
 0001:0001FEAC       TBitmapCanvas.FreeContext
 0001:0002005C       TBitmapImage.Destroy
 0001:000200B8       TBitmapImage.FreeHandle
 0001:00013284       TBits.Destroy
 0001:000132B4       TBits.Error
 0001:000133A8       TBits.GetBit
 0001:000133C0       TBits.OpenBit
 0001:0001337C       TBits.SetBit
 0001:000132D8       TBits.SetSize
 0001:0001C3FC       TBrush.Assign
 0001:0001C394       TBrush.Create
 0001:0001C3D4       TBrush.Destroy
 0001:0001C534       TBrush.GetColor
 0001:0001C4A4       TBrush.GetData
 0001:0001C570       TBrush.GetHandle
 0001:0001C650       TBrush.GetStyle
 0001:0001C510       TBrush.SetBitmap
 0001:0001C53C       TBrush.SetColor
 0001:0001C4C0       TBrush.SetData
 0001:0001C658       TBrush.SetStyle
 0001:000312A0       TButton.Click
 0001:00031428       TButton.CMDialogChar
 0001:000313B8       TButton.CMDialogKey
 0001:000314AC       TButton.CMFocusChanged
 0001:000313A4       TButton.CNCommand
 0001:0003152C       TButton.CNCtlColorBtn
 0001:0003123C       TButton.Create
 0001:00031350       TButton.CreateParams
 0001:0003138C       TButton.CreateWnd
 0001:000312C8       TButton.SetButtonStyle
 0001:0003131C       TButton.SetDefault
 0001:000312C4       TButton.UseRightToLeftAlignment
 0001:00031500       TButton.WMEraseBkgnd
 0001:00030F88       TButtonActionLink.AssignClient
 0001:00030FAC       TButtonActionLink.IsCheckedLinked
 0001:00030FE4       TButtonActionLink.SetChecked
 0001:0003109C       TButtonControl.ActionChange
 0001:0003118C       TButtonControl.CNCtlColorStatic
 0001:00031048       TButtonControl.Create
 0001:00031204       TButtonControl.CreateParams
 0001:000310E4       TButtonControl.GetActionLinkClass
 0001:000310EC       TButtonControl.GetChecked
 0001:000310F0       TButtonControl.IsCheckedStored
 0001:00031110       TButtonControl.SetChecked
 0001:00031228       TButtonControl.SetWordWrap
 0001:000311D8       TButtonControl.WMEraseBkGnd
 0001:00031114       TButtonControl.WndProc
 0001:0002C280       TButtonGlyph.CalcButtonLayout
 0001:0002B860       TButtonGlyph.Create
 0001:0002BA64       TButtonGlyph.CreateButtonGlyph
 0001:0002B8F4       TButtonGlyph.Destroy
 0001:0002C5AC       TButtonGlyph.Draw
 0001:0002C03C       TButtonGlyph.DrawButtonGlyph
 0001:0002C1A0       TButtonGlyph.DrawButtonText
 0001:0002B994       TButtonGlyph.GlyphChanged
 0001:0002B950       TButtonGlyph.Invalidate
 0001:0002B9C4       TButtonGlyph.SetGlyph
 0001:0002BA3C       TButtonGlyph.SetNumGlyphs
 0001:0001CF68       TCanvas.BrushChanged
 0001:0001CE3C       TCanvas.Changed
 0001:0001CE28       TCanvas.Changing
[...]
 10898 0001:00043150 10899 0001:0004315C 10900 0001:00043165 10901 0001:00043171
 10902 0001:0004317A 10903 0001:00043184 10904 0001:0004318B 10905 0001:00043195
 10906 0001:000431A1 10907 0001:000431AB 10908 0001:000431B7 10909 0001:000431C1
 10910 0001:000431D5 10915 0001:000431D8 10916 0001:000431F5 10917 0001:00043221
 10918 0001:00043237 10919 0001:00043272 10920 0001:00043288 10921 0001:0004329D
 10922 0001:000432AE 10923 0001:000432B3 10924 0001:000432C4 10925 0001:000432DA
 10926 0001:000432F0 10927 0001:000432FE 10928 0001:00043312 10929 0001:0004331E
 10930 0001:00043322 10931 0001:00043357 10952 0001:000433A4 10953 0001:000433C7
 10955 0001:0004340A 10942 0001:0004340C 10943 0001:00043426 10944 0001:0004343B
 10945 0001:00043440 10946 0001:0004344A 10947 0001:00043454 10948 0001:00043464
 10949 0001:00043474 10951 0001:00043499

Line numbers for ImgList(ImgList.pas) segment .text

   180 0001:0004490C   181 0001:00044911   182 0001:00044920   183 0001:00044924
   185 0001:00044929   189 0001:0004492C   190 0001:0004493E   191 0001:00044944
   195 0001:00044949   198 0001:0004494C   199 0001:0004495E   200 0001:00044967
   201 0001:0004496E   202 0001:00044975   203 0001:00044993   206 0001:00044998
   207 0001:000449B0   208 0001:000449BB   209 0001:000449BE   210 0001:000449C4
   211 0001:000449E2   214 0001:000449EC   216 0001:000449FA   215 0001:00044A0A
   217 0001:00044A13   218 0001:00044A1B   219 0001:00044A22   220 0001:00044A2A
   221 0001:00044A2F   222 0001:00044A3B   223 0001:00044A52   238 0001:00044A58
   239 0001:00044A61   241 0001:00044A6F   242 0001:00044A89   244 0001:00044AA1
   245 0001:00044AAE   247 0001:00044AB9   250 0001:00044AFE   252 0001:00044B12
   253 0001:00044B21   242 0001:00044B22   253 0001:00044B29   241 0001:00044B2A
   255 0001:00044B34   263 0001:00044B3C   264 0001:00044B52   265 0001:00044B61
   266 0001:00044B76   267 0001:00044B97   268 0001:00044B9E   269 0001:00044BA2
   270 0001:00044BAB   271 0001:00044BAF   272 0001:00044BB6   273 0001:00044BBD
   274 0001:00044BCC   275 0001:00044BF0   279 0001:00044BF4   280 0001:00044BFB
   284 0001:00044BFC   285 0001:00044C07   290 0001:00044C08   291 0001:00044C12
   292 0001:00044C1C   293 0001:00044C2A   295 0001:00044C30   296 0001:00044C50
   297 0001:00044C61   300 0001:00044C9D   302 0001:00044CB0   304 0001:00044CBA
   305 0001:00044CBF   307 0001:00044CC7   312 0001:00044CCC   313 0001:00044CD2
   314 0001:00044CD9   315 0001:00044CDF   316 0001:00044CEB   317 0001:00044CF2
   318 0001:00044CF8   319 0001:00044CFF   322 0001:00044D04   323 0001:00044D07
   325 0001:00044D0C   326 0001:00044D0F   327 0001:00044D2B   328 0001:00044D32
   329 0001:00044D39   331 0001:00044D44   334 0001:00044D48   335 0001:00044D4B
   337 0001:00044D50   338 0001:00044D53   339 0001:00044D6F   340 0001:00044D76
   341 0001:00044D7D   343 0001:00044D88   346 0001:00044D8C   347 0001:00044D92
   348 0001:00044D99   350 0001:00044D9D   351 0001:00044DA6   352 0001:00044DA9
   354 0001:00044DB4   358 0001:00044DB8   359 0001:00044DBC   360 0001:00044DBF
   361 0001:00044DC7   364 0001:00044DC8   365 0001:00044DCB   366 0001:00044DD2
   367 0001:00044DD5   370 0001:00044DD8   371 0001:00044DE1   372 0001:00044DEA
   373 0001:00044DEE   374 0001:00044DF9   377 0001:00044E02   378 0001:00044E0B
   379 0001:00044E14   381 0001:00044E1D   382 0001:00044E25   385 0001:00044E2C
   386 0001:00044E30   387 0001:00044E41   388 0001:00044E4E   389 0001:00044E53
   390 0001:00044E5E   395 0001:00044E64   396 0001:00044E7B   398 0001:00044EA2
   399 0001:00044ECE   400 0001:00044EFE   429 0001:00044F04   430 0001:00044F13
   431 0001:00044F22   432 0001:00044F30   433 0001:00044F3F   434 0001:00044F4D
   435 0001:00044F55   438 0001:00044F8D   441 0001:00044FAA   443 0001:00044FBA
   444 0001:00044FC9   449 0001:00044FD0   450 0001:00044FDF   451 0001:00044FEE
   452 0001:00044FFC   454 0001:00045012   455 0001:00045021   456 0001:0004502F
   457 0001:00045039   458 0001:00045043   459 0001:0004504B   462 0001:00045088
   465 0001:00045098   467 0001:000450C6   469 0001:000450D6   470 0001:000450E5
   510 0001:000450EC   511 0001:000450EF   512 0001:00045109   513 0001:0004510B
   539 0001:00045110   540 0001:00045135   542 0001:00045145   543 0001:0004514F
   544 0001:0004515F   545 0001:00045169   546 0001:00045177   547 0001:00045186
   550 0001:00045194   551 0001:000451A2   553 0001:000451B0   554 0001:000451BF
   557 0001:000451CD   558 0001:000451D7   559 0001:000451E5   561 0001:000451F3
   562 0001:00045219   563 0001:0004523F   564 0001:00045264   566 0001:00045292
   569 0001:000452AF   572 0001:000452CC   574 0001:000452DF   576 0001:00045300
   577 0001:0004532E   592 0001:00045338   593 0001:00045351   594 0001:0004537D
   595 0001:00045396   596 0001:000453BE   600 0001:000453C4   601 0001:000453CC
   604 0001:000453D0   605 0001:000453D6   606 0001:000453F4   607 0001:000453F7
   608 0001:00045402   611 0001:00045408   612 0001:0004540B   613 0001:0004542A
   614 0001:0004542D   625 0001:00045430   626 0001:0004543F   628 0001:0004544E
   629 0001:00045454   633 0001:00045495   635 0001:0004549B   636 0001:000454AA
   640 0001:000454B0   641 0001:000454BB   645 0001:000454C6   646 0001:000454DB
   647 0001:00045501   649 0001:0004552E   650 0001:00045536   651 0001:00045552
   652 0001:00045562   654 0001:00045584   655 0001:00045591   656 0001:0004559A
   657 0001:000455A5   658 0001:000455AD   660 0001:000455D2   661 0001:000455DF
   662 0001:000455E8   663 0001:000455F3   664 0001:000455FB   667 0001:0004561E
   671 0001:00045628   672 0001:0004562C   673 0001:00045645   677 0001:0004564C
   678 0001:00045658   679 0001:00045663   681 0001:00045691   715 0001:00045698
   716 0001:000456A9   717 0001:000456C3   718 0001:000456CB   719 0001:000456D9
   720 0001:000456E8   723 0001:000456F6   724 0001:00045704   726 0001:00045712
   727 0001:00045721   730 0001:0004572F   731 0001:00045739   732 0001:00045747
   734 0001:00045755   735 0001:00045768   737 0001:00045771   739 0001:0004577C
   740 0001:00045787   742 0001:000457A0   744 0001:000457AB   745 0001:000457B6
   747 0001:000457CF   748 0001:000457DD   734 0001:000457DE   750 0001:000457EE
   753 0001:0004580B   756 0001:00045828   758 0001:00045838   923 0001:00045840
   924 0001:00045846   925 0001:0004585D   930 0001:00045860   931 0001:00045866
   932 0001:00045874   934 0001:00045889   936 0001:00045890   937 0001:00045896
   938 0001:0004589C   939 0001:000458A6   940 0001:000458AC   941 0001:000458BC
   942 0001:000458D0   943 0001:000458E5   944 0001:00045900   945 0001:00045906
   947 0001:00045911   948 0001:0004591A   953 0001:00045920   954 0001:00045926
   957 0001:0004593B   958 0001:00045941   959 0001:00045947   960 0001:00045951
   961 0001:00045957   964 0001:0004595D   965 0001:00045964   966 0001:00045974
   967 0001:00045988   968 0001:0004599D   969 0001:000459B8   972 0001:000459C4
   973 0001:000459CD   976 0001:000459D0   977 0001:000459E9   979 0001:000459ED
   980 0001:00045A05   981 0001:00045A43   984 0001:00045A48   985 0001:00045A4B
   987 0001:00045A50   988 0001:00045A53   990 0001:00045A5E   993 0001:00045A60
   994 0001:00045A63   995 0001:00045A6E  1084 0001:00045A70  1085 0001:00045A76
  1086 0001:00045A7A  1087 0001:00045A80  1088 0001:00045A87  1089 0001:00045A92
  1088 0001:00045AA6  1090 0001:00045AA9  1091 0001:00045AB8  1096 0001:00045AC0
  1097 0001:00045AC8  1098 0001:00045ACF  1099 0001:00045ADA  1101 0001:00045AE8
  1102 0001:00045AED  1103 0001:00045AF7  1104 0001:00045AF9  1098 0001:00045AFA
  1105 0001:00045AFD  1109 0001:00045B04  1110 0001:00045B07  1111 0001:00045B15
  1116 0001:00045B18  1117 0001:00045B1E  1118 0001:00045B57  1122 0001:00045B5C
  1123 0001:00045B69  1125 0001:00045B81  1126 0001:00045B85  1128 0001:00045B8A
  1130 0001:00045BA0  1131 0001:00045BA4  1133 0001:00045BA9  1134 0001:00045BB8
  1135 0001:00045BC6  1136 0001:00045BD0  1137 0001:00045BDF  1138 0001:00045BED
  1139 0001:00045BF7  1141 0001:00045C12  1144 0001:00045C2F  1146 0001:00045C42
  1151 0001:00045C4C  1152 0001:00045C50  1153 0001:00045C5C  1156 0001:00045C93
  1157 0001:00045CA3  1159 0001:00045CA8  1160 0001:00045CB5  1161 0001:00045CC0
  1162 0001:00045CEA  1169 0001:00045D00  1170 0001:00045D0E  1171 0001:00045D1D
  1172 0001:00045D2C  1173 0001:00045D3B  1174 0001:00045D49  1175 0001:00045D52
  1176 0001:00045D5C  1177 0001:00045D6B  1178 0001:00045D7A  1179 0001:00045D88
  1180 0001:00045D92  1181 0001:00045DA1  1182 0001:00045DAF  1183 0001:00045DBD
  1184 0001:00045DCC  1185 0001:00045DD6  1186 0001:00045DE4  1187 0001:00045DF2
  1188 0001:00045E0C  1189 0001:00045E14  1190 0001:00045E22  1192 0001:00045E42
  1193 0001:00045E4C  1195 0001:00045E6B  1196 0001:00045E75  1198 0001:00045EBB
  1200 0001:00045F01  1201 0001:00045F0F  1202 0001:00045F12  1193 0001:00045F13
  1203 0001:00045F1A  1190 0001:00045F1B  1205 0001:00045F31  1206 0001:00045F39
  1207 0001:00045F41  1210 0001:00045F5E  1213 0001:00045F7B  1215 0001:00045F8B
  1223 0001:00045F94  1225 0001:00045FA2  1226 0001:00045FB6  1227 0001:00045FC4
  1229 0001:00045FEB  1233 0001:00045FFB  1237 0001:0004600B  1238 0001:0004600D
  1239 0001:0004601C  1240 0001:0004602A  1241 0001:00046036  1244 0001:00046041
  1245 0001:0004604D  1249 0001:00046066  1250 0001:00046072  1254 0001:00046085
  1257 0001:0004608B  1258 0001:00046097  1263 0001:000460AB  1265 0001:000460AF
  1266 0001:000460BB  1267 0001:000460CF  1268 0001:000460DD  1270 0001:00046104
  1275 0001:00046121  1279 0001:00046131  1280 0001:0004613D  1282 0001:00046154
  1289 0001:0004615C  1290 0001:00046166  1291 0001:0004616D  1292 0001:00046178
  1293 0001:00046186  1294 0001:00046196  1295 0001:0004619C  1296 0001:000461A8
  1297 0001:000461B6  1298 0001:000461CB  1300 0001:000461D6  1301 0001:000461DF
  1315 0001:000461E8  1316 0001:000461F3  1318 0001:000461FC  1319 0001:0004620B
  1321 0001:00046217  1322 0001:00046223  1323 0001:00046227  1327 0001:00046237
  1328 0001:0004624A  1331 0001:00046258  1333 0001:00046261  1334 0001:00046280
  1336 0001:00046299  1337 0001:000462B5  1339 0001:000462D9  1341 0001:000462E9
  1416 0001:0004632C  1417 0001:0004632F  1420 0001:00046330  1421 0001:00046331
  1422 0001:0004633A  1424 0001:00046340  1425 0001:00046344  1427 0001:0004634D
  1432 0001:00046350  1433 0001:0004635B  1434 0001:00046369  1435 0001:00046380
  1438 0001:00046384  1439 0001:00046385  1440 0001:00046397  1442 0001:000463CC
  1442 0001:000463D3

Line numbers for Spin(Spin.pas) segment .text

   231 0001:00059CA4   232 0001:00059CB6   233 0001:00059CBF   236 0001:00059CD2
   237 0001:00059CDF   238 0001:00059CEC   239 0001:00059CF5   241 0001:00059CFE
   242 0001:00059D0A   243 0001:00059D16   244 0001:00059D39   247 0001:00059D44
   248 0001:00059D48   249 0001:00059D58   250 0001:00059D68   251 0001:00059D78
   252 0001:00059D81   253 0001:00059D8A   254 0001:00059D95   255 0001:00059DA0
   259 0001:00059DA8   260 0001:00059DB1   261 0001:00059DBC   262 0001:00059DC9
   263 0001:00059DD1   266 0001:00059DD8   267 0001:00059DE2   268 0001:00059DF2
   269 0001:00059DFD   270 0001:00059E18   271 0001:00059E3D   276 0001:00059E44
   277 0001:00059E53   278 0001:00059E59   279 0001:00059E5F   280 0001:00059E6C
   281 0001:00059E7F   286 0001:00059E88   287 0001:00059E91   290 0001:00059E9A
   291 0001:00059EA0   292 0001:00059EA7   293 0001:00059EB4   294 0001:00059EC5
   295 0001:00059EDB   296 0001:00059EE0   299 0001:00059EE8   300 0001:00059EEC
   301 0001:00059F04   302 0001:00059F0B   305 0001:00059F14   306 0001:00059F18
   307 0001:00059F31   308 0001:00059F38   311 0001:00059F40   312 0001:00059F43
   315 0001:00059F5A   316 0001:00059F67   320 0001:00059F78   321 0001:00059F85
   324 0001:00059F96   326 0001:00059FA5   330 0001:00059FA8   331 0001:00059FB0
   333 0001:00059FB8   334 0001:00059FBF   336 0001:00059FF7   337 0001:0005A007
   338 0001:0005A031   340 0001:0005A03B   343 0001:0005A044   344 0001:0005A045
   346 0001:0005A04D   349 0001:0005A069   350 0001:0005A083   353 0001:0005A088
   354 0001:0005A08F   356 0001:0005A0AF   357 0001:0005A0C8   358 0001:0005A0CE
   360 0001:0005A0E0   361 0001:0005A0F8   364 0001:0005A0FF   368 0001:0005A108
   369 0001:0005A10F   374 0001:0005A110   375 0001:0005A116   376 0001:0005A11D
   377 0001:0005A123   378 0001:0005A12A   379 0001:0005A137   380 0001:0005A148
   381 0001:0005A15E   385 0001:0005A164   386 0001:0005A16F   389 0001:0005A170
   390 0001:0005A173   391 0001:0005A177   394 0001:0005A184   395 0001:0005A1A6
   396 0001:0005A1B3   398 0001:0005A1BE   402 0001:0005A1C8   403 0001:0005A1D3
   407 0001:0005A1D4   408 0001:0005A1DF   412 0001:0005A1E0   413 0001:0005A1EB
   416 0001:0005A1EC   417 0001:0005A1EF   418 0001:0005A1F3   421 0001:0005A200
   422 0001:0005A222   423 0001:0005A22F   425 0001:0005A23A   429 0001:0005A248
   430 0001:0005A253   434 0001:0005A254   435 0001:0005A25F   440 0001:0005A260
   441 0001:0005A277   442 0001:0005A280   443 0001:0005A296   444 0001:0005A2A2
   445 0001:0005A2B2   446 0001:0005A2BF   447 0001:0005A2CC   448 0001:0005A2D8
   449 0001:0005A2EC   450 0001:0005A300   451 0001:0005A30C   452 0001:0005A319
   453 0001:0005A323   454 0001:0005A343   457 0001:0005A358   458 0001:0005A363
   459 0001:0005A36B   460 0001:0005A382   463 0001:0005A388   464 0001:0005A38B
   467 0001:0005A390   468 0001:0005A39A   469 0001:0005A3AE   470 0001:0005A3C0
   471 0001:0005A3CC   474 0001:0005A3D0   475 0001:0005A3D6   477 0001:0005A3E6
   478 0001:0005A3E9   480 0001:0005A3F0   481 0001:0005A3FE   484 0001:0005A404
   486 0001:0005A40E   494 0001:0005A44D   496 0001:0005A469   497 0001:0005A46B
   500 0001:0005A494   501 0001:0005A497   503 0001:0005A49E   504 0001:0005A4AC
   507 0001:0005A4B0   508 0001:0005A4B3   509 0001:0005A4BA   510 0001:0005A4C1
   515 0001:0005A4C4   517 0001:0005A4CA   522 0001:0005A4E1   523 0001:0005A4ED
   524 0001:0005A504   525 0001:0005A50A   527 0001:0005A50F   528 0001:0005A526
   534 0001:0005A53D   539 0001:0005A544   540 0001:0005A549   541 0001:0005A550
   544 0001:0005A557   545 0001:0005A55C   546 0001:0005A567   548 0001:0005A570
   549 0001:0005A583   550 0001:0005A5AE   551 0001:0005A5D7   553 0001:0005A5DE
   561 0001:0005A5E4   562 0001:0005A5EB   563 0001:0005A5F4   564 0001:0005A5FB
   565 0001:0005A60C   566 0001:0005A617   567 0001:0005A61E   568 0001:0005A626
   569 0001:0005A629   570 0001:0005A633   571 0001:0005A64E   574 0001:0005A654
   575 0001:0005A657   576 0001:0005A669   577 0001:0005A67F   580 0001:0005A684
   581 0001:0005A687   582 0001:0005A699   583 0001:0005A6AF   586 0001:0005A6B4
   587 0001:0005A6B7   588 0001:0005A6C9   589 0001:0005A6D0   592 0001:0005A6D4
   593 0001:0005A6D7   594 0001:0005A6E9   595 0001:0005A6F0   598 0001:0005A6F4
   599 0001:0005A6F8   600 0001:0005A6FF   601 0001:0005A71C   602 0001:0005A72C
   605 0001:0005A730   606 0001:0005A74F   607 0001:0005A75D   609 0001:0005A781
   611 0001:0005A7AE   614 0001:0005A7B8   615 0001:0005A7D1   616 0001:0005A809
   619 0001:0005A810   620 0001:0005A812   621 0001:0005A814   623 0001:0005A824
   624 0001:0005A828   625 0001:0005A82C   626 0001:0005A830   628 0001:0005A834
   631 0001:0005A838   632 0001:0005A83E   633 0001:0005A84D   634 0001:0005A854
   635 0001:0005A85D   640 0001:0005A860   641 0001:0005A86B   642 0001:0005A875
   643 0001:0005A87A   644 0001:0005A891   648 0001:0005A894   649 0001:0005A89E
   650 0001:0005A8B0   652 0001:0005A8B9   653 0001:0005A8C2   655 0001:0005A8D6
   656 0001:0005A8E7   657 0001:0005A8F7   659 0001:0005A904   663 0001:0005A90C
   664 0001:0005A916   665 0001:0005A928   666 0001:0005A932   667 0001:0005A939
   670 0001:0005A940   671 0001:0005A94A   672 0001:0005A95D   674 0001:0005A975
   675 0001:0005A983   677 0001:0005A99E   678 0001:0005A9AE   681 0001:0005A9B8
   686 0001:0005A9C0   687 0001:0005A9C6   688 0001:0005A9CD   690 0001:0005A9D6
   691 0001:0005A9EB   692 0001:0005A9F9   693 0001:0005AA02   694 0001:0005AA10
   696 0001:0005AA22   698 0001:0005AA58   698 0001:0005AA5F

Line numbers for Unit1(Unit1.pas) segment .text

    74 0001:0005AE60    75 0001:0005AE61    76 0001:0005AE63    77 0001:0005AE67
    78 0001:0005AE69    87 0001:0005AE6C    89 0001:0005AE94    90 0001:0005AEB5
    91 0001:0005AECB    92 0001:0005AEE3    93 0001:0005AEFB    96 0001:0005AF13
    97 0001:0005AF18    98 0001:0005AF1A   100 0001:0005AF2D   101 0001:0005AF3F
   102 0001:0005AF45    98 0001:0005AF48   104 0001:0005AF4D   106 0001:0005AF5C
   107 0001:0005AF61   110 0001:0005AF79   113 0001:0005AF8E   114 0001:0005AF97
   115 0001:0005AFA2   116 0001:0005AFAE   117 0001:0005AFBA   121 0001:0005AFC6
   123 0001:0005AFD2   126 0001:0005AFDA   127 0001:0005AFDD   128 0001:0005AFF7
   132 0001:0005B004   134 0001:0005B02A   135 0001:0005B02D   136 0001:0005B047
   138 0001:0005B054   142 0001:0005B059   145 0001:0005B065   147 0001:0005B06D
   148 0001:0005B078   152 0001:0005B083   154 0001:0005B093   155 0001:0005B096
   157 0001:0005B0B0   159 0001:0005B0EC   110 0001:0005B0ED   162 0001:0005B0F6
   163 0001:0005B106   164 0001:0005B112   163 0001:0005B132   164 0001:0005B135
   162 0001:0005B136   167 0001:0005B13B   168 0001:0005B15A   171 0001:0005B18D
   172 0001:0005B1A2   173 0001:0005B1B8   172 0001:0005B1D9   173 0001:0005B1DC
   171 0001:0005B1DD   174 0001:0005B1E2   104 0001:0005B1E5   177 0001:0005B1EE
   179 0001:0005B202   180 0001:0005B22E   181 0001:0005B25B   177 0001:0005B25E
   182 0001:0005B286   185 0001:0005B290   186 0001:0005B296   187 0001:0005B29D
   188 0001:0005B2B7   189 0001:0005B2D6   190 0001:0005B2F5   191 0001:0005B314
   192 0001:0005B32C   193 0001:0005B344   194 0001:0005B35C   195 0001:0005B37B
   199 0001:0005B380   200 0001:0005B390   202 0001:0005B395   203 0001:0005B399
   204 0001:0005B3B1   207 0001:0005B3B6   208 0001:0005B3B8   209 0001:0005B3D1
   210 0001:0005B3DA   212 0001:0005B3E6   214 0001:0005B3EB   218 0001:0005B407
   219 0001:0005B427   220 0001:0005B44D   221 0001:0005B46F   223 0001:0005B48F
   226 0001:0005B498   227 0001:0005B4A2   228 0001:0005B4C2   229 0001:0005B4DD
   230 0001:0005B4E4   231 0001:0005B4EA   234 0001:0005B4F0   235 0001:0005B506
   236 0001:0005B515   237 0001:0005B55B   240 0001:0005B560   241 0001:0005B56A
   242 0001:0005B58A   243 0001:0005B5A5   244 0001:0005B5AC   245 0001:0005B5B2
   248 0001:0005B5B8   249 0001:0005B5CE   250 0001:0005B5DD   251 0001:0005B630
   255 0001:0005B644   256 0001:0005B64A   257 0001:0005B659   258 0001:0005B673
   262 0001:0005B678   263 0001:0005B681   265 0001:0005B690   266 0001:0005B6AA
   267 0001:0005B6D0   269 0001:0005B6F3   272 0001:0005B6FC   273 0001:0005B700
   275 0001:0005B712   277 0001:0005B734   280 0001:0005B738   281 0001:0005B73F
   282 0001:0005B752   283 0001:0005B759   284 0001:0005B773   285 0001:0005B792
   286 0001:0005B7B1   287 0001:0005B7D0   288 0001:0005B7E8   289 0001:0005B800
   290 0001:0005B826   292 0001:0005B845   294 0001:0005B857   296 0001:0005B879
   298 0001:0005B8C0   298 0001:0005B8C7

Line numbers for Project1(D:\Incoming\[.WORK]\Graphs\[]\Fill Polygon\Project1.dpr) segment .text

     9 0001:0005BAE0    10 0001:0005BAF0    11 0001:0005BAFC    12 0001:0005BB14
    13 0001:0005BB20

Bound resource files

c:\program files\borland\delphi7\Lib\Buttons.res
c:\program files\borland\delphi7\Lib\ExtDlgs.res
c:\program files\borland\delphi7\Lib\Controls.res
c:\program files\borland\delphi7\Lib\WindowsXP.res
c:\program files\borland\delphi7\Lib\SPIN.RES
Unit1.dfm
Project1.res
Project1.drf


Program entry point at 0001:0005BAE0
